Component: ARM Compiler 5.06 update 3 (build 300) Tool: armlink [4d35c9]

==============================================================================

Section Cross References

    main.o(.text) refers to delay.o(.text) for delay_init
    main.o(.text) refers to misc.o(.text) for NVIC_PriorityGroupConfig
    main.o(.text) refers to usart.o(.text) for uart_init2
    main.o(.text) refers to malloc.o(.text) for mem_init
    main.o(.text) refers to lcd_init.o(.text) for LCD_Init
    main.o(.text) refers to lcd.o(.text) for LCD_Fill
    main.o(.text) refers to esp8266.o(.text) for get_ip_location
    main.o(.text) refers to main.o(.constdata) for .constdata
    main.o(.text) refers to ana.o(.data) for sys_sta
    system_stm32f10x.o(.text) refers to system_stm32f10x.o(.data) for .data
    cjson.o(.text) refers to tolower.o(.text) for tolower
    cjson.o(.text) refers to malloc.o(.text) for mem_malloc
    cjson.o(.text) refers to dflti.o(.text) for __aeabi_i2d
    cjson.o(.text) refers to dmul.o(.text) for __aeabi_dmul
    cjson.o(.text) refers to dadd.o(.text) for __aeabi_dadd
    cjson.o(.text) refers to pow.o(i.pow) for pow
    cjson.o(.text) refers to dfixi.o(.text) for __aeabi_d2iz
    cjson.o(.text) refers to memcpya.o(.text) for __aeabi_memcpy
    cjson.o(.text) refers to cdcmple.o(.text) for __aeabi_cdcmpeq
    cjson.o(.text) refers to cdrcmple.o(.text) for __aeabi_cdrcmple
    cjson.o(.text) refers to printfa.o(i.__0sprintf) for __2sprintf
    cjson.o(.text) refers to floor.o(i.floor) for floor
    cjson.o(.text) refers to cjson.o(.data) for .data
    cjson.o(.text) refers to malloc.o(.data) for mallco_dev
    cjson.o(.text) refers to malloc.o(i.malloc) for malloc
    cjson.o(.text) refers to malloc.o(i.free) for free
    cjson.o(.text) refers to strcpy.o(.text) for strcpy
    cjson.o(.text) refers to strchr.o(.text) for strchr
    cjson.o(.text) refers to strncmp.o(.text) for strncmp
    cjson.o(.text) refers to cjson.o(.constdata) for .constdata
    cjson.o(.text) refers to memseta.o(.text) for __aeabi_memclr4
    cjson.o(.text) refers to strlen.o(.text) for strlen
    cjson.o(.text) refers to f2d.o(.text) for __aeabi_f2d
    cjson.o(.data) refers to malloc.o(i.malloc) for malloc
    cjson.o(.data) refers to malloc.o(i.free) for free
    ana.o(.text) refers to lcd.o(.text) for LCD_ShowChinese16x16
    ana.o(.text) refers to cjson.o(.text) for cJSON_Parse
    ana.o(.text) refers to delay.o(.text) for delay_ms
    ana.o(.text) refers to strlen.o(.text) for strlen
    ana.o(.text) refers to esp8266.o(.text) for esp8266_exit
    ana.o(.text) refers to usart.o(.bss) for USART_RX_BUF
    ana.o(.text) refers to ana.o(.data) for .data
    ana.o(.text) refers to memcpya.o(.text) for __aeabi_memcpy4
    ana.o(.text) refers to strcat.o(.text) for strcat
    ana.o(.text) refers to ana.o(.conststring) for .conststring
    ana.o(.text) refers to ana.o(.bss) for .bss
    malloc.o(.text) refers to malloc.o(.data) for .data
    malloc.o(.data) refers to malloc.o(.text) for mem_init
    malloc.o(.data) refers to malloc.o(.bss) for membase
    malloc.o(.data) refers to malloc.o(.bss) for memmapbase
    esp8266.o(.text) refers to strstr.o(.text) for strstr
    esp8266.o(.text) refers to usart.o(.text) for USART1_Send_String
    esp8266.o(.text) refers to delay.o(.text) for delay_ms
    esp8266.o(.text) refers to ana.o(.text) for parse_now_weather
    esp8266.o(.text) refers to memcpya.o(.text) for __aeabi_memcpy4
    esp8266.o(.text) refers to lcd.o(.text) for LCD_Fill
    esp8266.o(.text) refers to usart.o(.data) for USART_RX_STA
    esp8266.o(.text) refers to usart.o(.bss) for USART_RX_BUF
    esp8266.o(.text) refers to ana.o(.bss) for get_api
    lcd.o(.text) refers to lcd_init.o(.text) for LCD_Address_Set
    lcd.o(.text) refers to lcd.o(.constdata) for .constdata
    lcd.o(.text) refers to fmul.o(.text) for __aeabi_fmul
    lcd.o(.text) refers to ffixui.o(.text) for __aeabi_f2uiz
    lcd_init.o(.text) refers to stm32f10x_rcc.o(.text) for RCC_APB2PeriphClockCmd
    lcd_init.o(.text) refers to stm32f10x_gpio.o(.text) for GPIO_Init
    lcd_init.o(.text) refers to delay.o(.text) for delay_ms
    delay.o(.text) refers to misc.o(.text) for SysTick_CLKSourceConfig
    delay.o(.text) refers to system_stm32f10x.o(.data) for SystemCoreClock
    delay.o(.text) refers to delay.o(.data) for .data
    usart.o(.text) refers to stm32f10x_tim.o(.text) for TIM_SetCounter
    usart.o(.text) refers to stm32f10x_rcc.o(.text) for RCC_APB1PeriphClockCmd
    usart.o(.text) refers to misc.o(.text) for NVIC_Init
    usart.o(.text) refers to stm32f10x_gpio.o(.text) for GPIO_Init
    usart.o(.text) refers to stm32f10x_usart.o(.text) for USART_Init
    usart.o(.text) refers to usart.o(.data) for .data
    usart.o(.text) refers to usart.o(.bss) for .bss
    startup_stm32f10x_hd.o(RESET) refers to startup_stm32f10x_hd.o(STACK) for __initial_sp
    startup_stm32f10x_hd.o(RESET) refers to startup_stm32f10x_hd.o(.text) for Reset_Handler
[...]
    uldiv.o(.text) refers to llushr.o(.text) for __aeabi_llsr
    uldiv.o(.text) refers to llshl.o(.text) for __aeabi_llsl
    errno.o(i.__aeabi_errno_addr) refers to errno.o(.data) for .data
    errno.o(i.__read_errno) refers to errno.o(.data) for .data
    errno.o(i.__set_errno) refers to errno.o(.data) for .data
    depilogue.o(.text) refers to llshl.o(.text) for __aeabi_llsl
    depilogue.o(.text) refers to llushr.o(.text) for __aeabi_llsr
    ddiv.o(.text) refers to depilogue.o(.text) for _double_round
    dfixul.o(.text) refers to llushr.o(.text) for __aeabi_llsr
    dfixul.o(.text) refers to llshl.o(.text) for __aeabi_llsl
    init.o(.text) refers to entry5.o(.ARM.Collect$$$$00000004) for __main_after_scatterload
    dsqrt.o(.text) refers to llushr.o(.text) for __aeabi_llsr
    dsqrt.o(.text) refers to depilogue.o(.text) for _double_round


==============================================================================

Removing Unused input sections from the image.

    Removing ana.o(.data), (1 bytes).
    Removing malloc.o(.constdata), (4 bytes).
    Removing malloc.o(.constdata), (4 bytes).
    Removing malloc.o(.constdata), (4 bytes).
    Removing picture.o(.constdata), (2048 bytes).
    Removing sys.o(.emb_text), (6 bytes).
    Removing sys.o(.text), (12 bytes).
    Removing usart.o(.bss), (512 bytes).
    Removing usart.o(.data), (2 bytes).
    Removing core_cm3.o(.emb_text), (32 bytes).
    Removing stm32f10x_adc.o(.text), (816 bytes).
    Removing stm32f10x_bkp.o(.text), (152 bytes).
    Removing stm32f10x_can.o(.text), (1800 bytes).
    Removing stm32f10x_cec.o(.text), (248 bytes).
    Removing stm32f10x_crc.o(.text), (64 bytes).
    Removing stm32f10x_dac.o(.text), (252 bytes).
    Removing stm32f10x_dbgmcu.o(.text), (40 bytes).
    Removing stm32f10x_dma.o(.text), (456 bytes).
    Removing stm32f10x_exti.o(.text), (232 bytes).
    Removing stm32f10x_flash.o(.text), (1148 bytes).
    Removing stm32f10x_fsmc.o(.text), (1148 bytes).
    Removing stm32f10x_i2c.o(.text), (808 bytes).
    Removing stm32f10x_iwdg.o(.text), (60 bytes).
    Removing stm32f10x_pwr.o(.text), (172 bytes).
    Removing stm32f10x_rtc.o(.text), (272 bytes).
    Removing stm32f10x_sdio.o(.text), (428 bytes).
    Removing stm32f10x_spi.o(.text), (628 bytes).
    Removing stm32f10x_wwdg.o(.text), (124 bytes).
    Removing jansson_config.o(.text), (4 bytes).

29 unused section(s) (total 11477 bytes) removed from the image.

==============================================================================

Image Symbol Table

    Local Symbols

    Symbol Name                              Value     Ov Type        Size  Object(Section)

    ../clib/microlib/ctype/tolower.c         0x00000000   Number         0  tolower.o ABSOLUTE
    ../clib/microlib/division.c              0x00000000   Number         0  uidiv.o ABSOLUTE
    ../clib/microlib/division.c              0x00000000   Number         0  uldiv.o ABSOLUTE
    ../clib/microlib/errno.c                 0x00000000   Number         0  errno.o ABSOLUTE
    ../clib/microlib/init/entry.s            0x00000000   Number         0  entry7b.o ABSOLUTE
    ../clib/microlib/init/entry.s            0x00000000   Number         0  entry2.o ABSOLUTE
    ../clib/microlib/init/entry.s            0x00000000   Number         0  entry5.o ABSOLUTE
    ../clib/microlib/init/entry.s            0x00000000   Number         0  entry7a.o ABSOLUTE
    ../clib/microlib/init/entry.s            0x00000000   Number         0  entry11b.o ABSOLUTE
    ../clib/microlib/init/entry.s            0x00000000   Number         0  entry8a.o ABSOLUTE
    ../clib/microlib/init/entry.s            0x00000000   Number         0  entry8b.o ABSOLUTE
    ../clib/microlib/init/entry.s            0x00000000   Number         0  entry.o ABSOLUTE
    ../clib/microlib/init/entry.s            0x00000000   Number         0  entry10b.o ABSOLUTE
    ../clib/microlib/init/entry.s            0x00000000   Number         0  entry10a.o ABSOLUTE
    ../clib/microlib/init/entry.s            0x00000000   Number         0  entry9a.o ABSOLUTE
    ../clib/microlib/init/entry.s            0x00000000   Number         0  entry9b.o ABSOLUTE
    ../clib/microlib/init/entry.s            0x00000000   Number         0  entry11a.o ABSOLUTE
    ../clib/microlib/longlong.c              0x00000000   Number         0  llshl.o ABSOLUTE
    ../clib/microlib/longlong.c              0x00000000   Number         0  llsshr.o ABSOLUTE
    ../clib/microlib/longlong.c              0x00000000   Number         0  llushr.o ABSOLUTE
    ../clib/microlib/malloc/malloc.c         0x00000000   Number         0  mallocra.o ABSOLUTE
    ../clib/microlib/malloc/malloc.c         0x00000000   Number         0  malloca.o ABSOLUTE
    ../clib/microlib/malloc/malloc.c         0x00000000   Number         0  malloc.o ABSOLUTE
    ../clib/microlib/malloc/malloc.c         0x00000000   Number         0  mallocr.o ABSOLUTE
    ../clib/microlib/malloc/mvars.c          0x00000000   Number         0  mvars.o ABSOLUTE
    ../clib/microlib/printf/printf.c         0x00000000   Number         0  printf0.o ABSOLUTE
    ../clib/microlib/printf/printf.c         0x00000000   Number         0  printf3.o ABSOLUTE
    ../clib/microlib/printf/printf.c         0x00000000   Number         0  printf4.o ABSOLUTE
    ../clib/microlib/printf/printf.c         0x00000000   Number         0  printfb.o ABSOLUTE
    ../clib/microlib/printf/printf.c         0x00000000   Number         0  printf5.o ABSOLUTE
    ../clib/microlib/printf/printf.c         0x00000000   Number         0  printf6.o ABSOLUTE
    ../clib/microlib/printf/printf.c         0x00000000   Number         0  printf7.o ABSOLUTE
    ../clib/microlib/printf/printf.c         0x00000000   Number         0  printf8.o ABSOLUTE
    ../clib/microlib/printf/printf.c         0x00000000   Number         0  printf1.o ABSOLUTE
    ../clib/microlib/printf/printf.c         0x00000000   Number         0  printfa.o ABSOLUTE
    ../clib/microlib/printf/printf.c         0x00000000   Number         0  printf2.o ABSOLUTE
    ../clib/microlib/printf/stubs.s          0x00000000   Number         0  stubs.o ABSOLUTE
    ../clib/microlib/stdio/fputc.c           0x00000000   Number         0  fputc.o ABSOLUTE
    ../clib/microlib/stdio/semi.s            0x00000000   Number         0  semi.o ABSOLUTE
    ../clib/microlib/stdio/streams.c         0x00000000   Number         0  stdout.o ABSOLUTE
    ../clib/microlib/string/memcpy.c         0x00000000   Number         0  memcpyb.o ABSOLUTE
    ../clib/microlib/string/memcpy.c         0x00000000   Number         0  memcpya.o ABSOLUTE
    ../clib/microlib/string/memset.c         0x00000000   Number         0  memseta.o ABSOLUTE
    ../clib/microlib/string/strcat.c         0x00000000   Number         0  strcat.o ABSOLUTE
    ../clib/microlib/string/strchr.c         0x00000000   Number         0  strchr.o ABSOLUTE
    ../clib/microlib/string/strcpy.c         0x00000000   Number         0  strcpy.o ABSOLUTE
    ../clib/microlib/string/strlen.c         0x00000000   Number         0  strlen.o ABSOLUTE
    ../clib/microlib/string/strncmp.c        0x00000000   Number         0  strncmp.o ABSOLUTE
    ../clib/microlib/string/strstr.c         0x00000000   Number         0  strstr.o ABSOLUTE
    ../clib/microlib/stubs.s                 0x00000000   Number         0  iusesemip.o ABSOLUTE
    ../clib/microlib/stubs.s                 0x00000000   Number         0  iusefp.o ABSOLUTE
    ../fplib/microlib/f2d.c                  0x00000000   Number         0  f2d.o ABSOLUTE
    ../fplib/microlib/fpadd.c                0x00000000   Number         0  dadd.o ABSOLUTE
    ../fplib/microlib/fpdiv.c                0x00000000   Number         0  ddiv.o ABSOLUTE
    ../fplib/microlib/fpepilogue.c           0x00000000   Number         0  depilogue.o ABSOLUTE
    ../fplib/microlib/fpfix.c                0x00000000   Number         0  dfixul.o ABSOLUTE
    ../fplib/microlib/fpfix.c                0x00000000   Number         0  dfixi.o ABSOLUTE
    ../fplib/microlib/fpfix.c                0x00000000   Number         0  ffixui.o ABSOLUTE
    ../fplib/microlib/fpflt.c                0x00000000   Number         0  dflti.o ABSOLUTE
    ../fplib/microlib/fpmul.c                0x00000000   Number         0  fmul.o ABSOLUTE
    ../fplib/microlib/fpmul.c                0x00000000   Number         0  dmul.o ABSOLUTE
    ../fplib/microlib/fpscalb.c              0x00000000   Number         0  dscalb.o ABSOLUTE
    ../fplib/microlib/fpsqrt.c               0x00000000   Number         0  dsqrt.o ABSOLUTE
    ../mathlib/dunder.c                      0x00000000   Number         0  dunder.o ABSOLUTE
    ../mathlib/floor.c                       0x00000000   Number         0  floor.o ABSOLUTE
    ../mathlib/fpclassify.c                  0x00000000   Number         0  fpclassify.o ABSOLUTE
    ../mathlib/poly.c                        0x00000000   Number         0  poly.o ABSOLUTE
    ../mathlib/pow.c                         0x00000000   Number         0  pow_x.o ABSOLUTE
    ../mathlib/pow.c                         0x00000000   Number         0  pow.o ABSOLUTE
    ../mathlib/qnan.c                        0x00000000   Number         0  qnan.o ABSOLUTE
    ../mathlib/sqrt.c                        0x00000000   Number         0  sqrt.o ABSOLUTE
    ../mathlib/sqrt.c                        0x00000000   Number         0  sqrt_x.o ABSOLUTE
    ..\CORE\core_cm3.c                       0x00000000   Number         0  core_cm3.o ABSOLUTE
    ..\CORE\startup_stm32f10x_hd.s           0x00000000   Number         0  startup_stm32f10x_hd.o ABSOLUTE
    ..\HARDWARE\LCD\lcd.c                    0x00000000   Number         0  lcd.o ABSOLUTE
    ..\HARDWARE\LCD\lcd_init.c               0x00000000   Number         0  lcd_init.o ABSOLUTE
    ..\STM32F10x_FWLib\src\misc.c            0x00000000   Number         0  misc.o ABSOLUTE
    ..\STM32F10x_FWLib\src\stm32f10x_adc.c   0x00000000   Number         0  stm32f10x_adc.o ABSOLUTE
    ..\STM32F10x_FWLib\src\stm32f10x_bkp.c   0x00000000   Number         0  stm32f10x_bkp.o ABSOLUTE
    ..\STM32F10x_FWLib\src\stm32f10x_can.c   0x00000000   Number         0  stm32f10x_can.o ABSOLUTE
    ..\STM32F10x_FWLib\src\stm32f10x_cec.c   0x00000000   Number         0  stm32f10x_cec.o ABSOLUTE
    ..\STM32F10x_FWLib\src\stm32f10x_crc.c   0x00000000   Number         0  stm32f10x_crc.o ABSOLUTE
    ..\STM32F10x_FWLib\src\stm32f10x_dac.c   0x00000000   Number         0  stm32f10x_dac.o ABSOLUTE
    ..\STM32F10x_FWLib\src\stm32f10x_dbgmcu.c 0x00000000   Number         0  stm32f10x_dbgmcu.o ABSOLUTE
    ..\STM32F10x_FWLib\src\stm32f10x_dma.c   0x00000000   Number         0  stm32f10x_dma.o ABSOLUTE
    ..\STM32F10x_FWLib\src\stm32f10x_exti.c  0x00000000   Number         0  stm32f10x_exti.o ABSOLUTE
    ..\STM32F10x_FWLib\src\stm32f10x_flash.c 0x00000000   Number         0  stm32f10x_flash.o ABSOLUTE
    ..\STM32F10x_FWLib\src\stm32f10x_fsmc.c  0x00000000   Number         0  stm32f10x_fsmc.o ABSOLUTE
    ..\STM32F10x_FWLib\src\stm32f10x_gpio.c  0x00000000   Number         0  stm32f10x_gpio.o ABSOLUTE
    ..\STM32F10x_FWLib\src\stm32f10x_i2c.c   0x00000000   Number         0  stm32f10x_i2c.o ABSOLUTE
    ..\STM32F10x_FWLib\src\stm32f10x_iwdg.c  0x00000000   Number         0  stm32f10x_iwdg.o ABSOLUTE
    ..\STM32F10x_FWLib\src\stm32f10x_pwr.c   0x00000000   Number         0  stm32f10x_pwr.o ABSOLUTE
    ..\STM32F10x_FWLib\src\stm32f10x_rcc.c   0x00000000   Number         0  stm32f10x_rcc.o ABSOLUTE
    ..\STM32F10x_FWLib\src\stm32f10x_rtc.c   0x00000000   Number         0  stm32f10x_rtc.o ABSOLUTE
    ..\STM32F10x_FWLib\src\stm32f10x_sdio.c  0x00000000   Number         0  stm32f10x_sdio.o ABSOLUTE
    ..\STM32F10x_FWLib\src\stm32f10x_spi.c   0x00000000   Number         0  stm32f10x_spi.o ABSOLUTE
    ..\STM32F10x_FWLib\src\stm32f10x_tim.c   0x00000000   Number         0  stm32f10x_tim.o ABSOLUTE
    ..\STM32F10x_FWLib\src\stm32f10x_usart.c 0x00000000   Number         0  stm32f10x_usart.o ABSOLUTE
    ..\STM32F10x_FWLib\src\stm32f10x_wwdg.c  0x00000000   Number         0  stm32f10x_wwdg.o ABSOLUTE
    ..\SYSTEM\delay\delay.c                  0x00000000   Number         0  delay.o ABSOLUTE
    ..\SYSTEM\sys\sys.c                      0x00000000   Number         0  sys.o ABSOLUTE
    ..\SYSTEM\usart\usart.c                  0x00000000   Number         0  usart.o ABSOLUTE
    ..\\CORE\\core_cm3.c                     0x00000000   Number         0  core_cm3.o ABSOLUTE
    ..\\SYSTEM\\sys\\sys.c                   0x00000000   Number         0  sys.o ABSOLUTE
    RTE\Data_Exchange\jansson_config.c       0x00000000   Number         0  jansson_config.o ABSOLUTE
    ana.c                                    0x00000000   Number         0  ana.o ABSOLUTE
    ascii.c                                  0x00000000   Number         0  ascii.o ABSOLUTE
    cJSON.c                                  0x00000000   Number         0  cjson.o ABSOLUTE
    cdcmple.s                                0x00000000   Number         0  cdcmple.o ABSOLUTE
    cdrcmple.s                               0x00000000   Number         0  cdrcmple.o ABSOLUTE
    dc.s                                     0x00000000   Number         0  dc.o ABSOLUTE
    esp8266.c                                0x00000000   Number         0  esp8266.o ABSOLUTE
    handlers.s                               0x00000000   Number         0  handlers.o ABSOLUTE
    init.s                                   0x00000000   Number         0  init.o ABSOLUTE
    main.c                                   0x00000000   Number         0  main.o ABSOLUTE
    malloc.c                                 0x00000000   Number         0  malloc.o ABSOLUTE
    picture.c                                0x00000000   Number         0  picture.o ABSOLUTE
    stm32f10x_it.c                           0x00000000   Number         0  stm32f10x_it.o ABSOLUTE
    system_stm32f10x.c                       0x00000000   Number         0  system_stm32f10x.o ABSOLUTE
    RESET                                    0x08000000   Section      304  startup_stm32f10x_hd.o(RESET)
    .ARM.Collect$$$$00000000                 0x08000130   Section        0  entry.o(.ARM.Collect$$$$00000000)
    .ARM.Collect$$$$00000001                 0x08000130   Section        4  entry2.o(.ARM.Collect$$$$00000001)
    .ARM.Collect$$$$00000004                 0x08000134   Section        4  entry5.o(.ARM.Collect$$$$00000004)
    .ARM.Collect$$$$00000008                 0x08000138   Section        0  entry7b.o(.ARM.Collect$$$$00000008)
    .ARM.Collect$$$$0000000A                 0x08000138   Section        0  entry8b.o(.ARM.Collect$$$$0000000A)
    .ARM.Collect$$$$0000000B                 0x08000138   Section        8  entry9a.o(.ARM.Collect$$$$0000000B)
    .ARM.Collect$$$$0000000D                 0x08000140   Section        0  entry10a.o(.ARM.Collect$$$$0000000D)
    .ARM.Collect$$$$0000000F                 0x08000140   Section        0  entry11a.o(.ARM.Collect$$$$0000000F)
    .ARM.Collect$$$$00002712                 0x08000140   Section        4  entry2.o(.ARM.Collect$$$$00002712)
    __lit__00000000                          0x08000140   Data           4  entry2.o(.ARM.Collect$$$$00002712)
    .text                                    0x08000144   Section        0  main.o(.text)
    .text                                    0x08000398   Section        0  stm32f10x_it.o(.text)
    .text                                    0x080003ac   Section        0  system_stm32f10x.o(.text)
    SetSysClockTo72                          0x080003ad   Thumb Code   160  system_stm32f10x.o(.text)
    .text                                    0x08000500   Section        0  cjson.o(.text)
    cJSON_strcasecmp                         0x08000507   Thumb Code    66  cjson.o(.text)
    parse_number                             0x080005d9   Thumb Code   332  cjson.o(.text)
    ensure                                   0x08000725   Thumb Code   106  cjson.o(.text)
    print_number                             0x0800078f   Thumb Code   292  cjson.o(.text)
    parse_hex4                               0x080008b3   Thumb Code   254  cjson.o(.text)
    parse_string                             0x080009b1   Thumb Code   372  cjson.o(.text)
    print_string_ptr                         0x08000b25   Thumb Code   348  cjson.o(.text)
    parse_object                             0x08000c81   Thumb Code   178  cjson.o(.text)
    parse_value                              0x08000d33   Thumb Code   198  cjson.o(.text)
    print_object                             0x08000e59   Thumb Code   884  cjson.o(.text)
    print_array                              0x080011cd   Thumb Code   454  cjson.o(.text)
    print_value                              0x08001393   Thumb Code   176  cjson.o(.text)
    create_reference                         0x080014b7   Thumb Code    44  cjson.o(.text)
    cJSON_strdup                             0x08001939   Thumb Code    34  cjson.o(.text)
    cJSON_New_Item                           0x0800195b   Thumb Code    24  cjson.o(.text)
    update                                   0x08001973   Thumb Code    28  cjson.o(.text)
    print_string                             0x0800198f   Thumb Code     6  cjson.o(.text)
    skip                                     0x08001995   Thumb Code    20  cjson.o(.text)
    parse_array                              0x080019a9   Thumb Code   114  cjson.o(.text)
    .text                                    0x08001a20   Section        0  ana.o(.text)
    show_weaher                              0x08001a21   Thumb Code   512  ana.o(.text)
    .text                                    0x0800214c   Section        0  malloc.o(.text)
    .text                                    0x0800222c   Section        0  esp8266.o(.text)
    .text                                    0x0800269c   Section        0  lcd.o(.text)
    .text                                    0x08002f84   Section        0  lcd_init.o(.text)
    .text                                    0x0800320c   Section        0  delay.o(.text)
    .text                                    0x080032a4   Section        0  usart.o(.text)
    .text                                    0x08003560   Section       36  startup_stm32f10x_hd.o(.text)
    .text                                    0x08003584   Section        0  stm32f10x_gpio.o(.text)
    .text                                    0x080037f0   Section        0  stm32f10x_rcc.o(.text)
    .text                                    0x08003aa4   Section        0  stm32f10x_usart.o(.text)
    .text                                    0x08003dcc   Section        0  misc.o(.text)
    .text                                    0x08003e7c   Section        0  stm32f10x_tim.o(.text)
    TI2_Config                               0x0800420f   Thumb Code   166  stm32f10x_tim.o(.text)
    TI1_Config                               0x080042c5   Thumb Code    88  stm32f10x_tim.o(.text)
    .text                                    0x08004970   Section        0  tolower.o(.text)
    .text                                    0x0800497c   Section        0  memcpya.o(.text)
    .text                                    0x080049a0   Section        0  memseta.o(.text)
    .text                                    0x080049c4   Section        0  strcat.o(.text)
    .text                                    0x080049dc   Section        0  strstr.o(.text)
    .text                                    0x08004a00   Section        0  strchr.o(.text)
    .text                                    0x08004a14   Section        0  strlen.o(.text)
    .text                                    0x08004a22   Section        0  strcpy.o(.text)
    .text                                    0x08004a34   Section        0  strncmp.o(.text)
    .text                                    0x08004a52   Section        0  fmul.o(.text)
    .text                                    0x08004ab6   Section        0  dadd.o(.text)
    .text                                    0x08004c04   Section        0  dmul.o(.text)
    .text                                    0x08004ce8   Section        0  dflti.o(.text)
    .text                                    0x08004d0a   Section        0  ffixui.o(.text)
    .text                                    0x08004d32   Section        0  dfixi.o(.text)
    .text                                    0x08004d70   Section        0  f2d.o(.text)
    .text                                    0x08004d98   Section       48  cdcmple.o(.text)
    .text                                    0x08004dc8   Section       48  cdrcmple.o(.text)
    .text                                    0x08004df8   Section        0  uidiv.o(.text)
    .text                                    0x08004e24   Section        0  uldiv.o(.text)
    .text                                    0x08004e86   Section        0  llshl.o(.text)
    .text                                    0x08004ea4   Section        0  llushr.o(.text)
    .text                                    0x08004ec4   Section        0  llsshr.o(.text)
    .text                                    0x08004ee8   Section        0  iusefp.o(.text)
    .text                                    0x08004ee8   Section        0  depilogue.o(.text)
    .text                                    0x08004fa2   Section        0  ddiv.o(.text)
    .text                                    0x08005080   Section        0  dscalb.o(.text)
    .text                                    0x080050ae   Section        0  dfixul.o(.text)
    .text                                    0x080050e0   Section       36  init.o(.text)
    .text                                    0x08005104   Section        0  dsqrt.o(.text)
    i.__0sprintf                             0x080051a8   Section        0  printfa.o(i.__0sprintf)
    i.__ARM_fpclassify                       0x080051d0   Section        0  fpclassify.o(i.__ARM_fpclassify)
    i.__kernel_poly                          0x080051f8   Section        0  poly.o(i.__kernel_poly)
    i.__mathlib_dbl_divzero                  0x080052a4   Section        0  dunder.o(i.__mathlib_dbl_divzero)
    i.__mathlib_dbl_infnan2                  0x080052b4   Section        0  dunder.o(i.__mathlib_dbl_infnan2)
    i.__mathlib_dbl_invalid                  0x080052b8   Section        0  dunder.o(i.__mathlib_dbl_invalid)
    i.__mathlib_dbl_overflow                 0x080052c4   Section        0  dunder.o(i.__mathlib_dbl_overflow)
    i.__mathlib_dbl_underflow                0x080052d4   Section        0  dunder.o(i.__mathlib_dbl_underflow)
    i.__scatterload_copy                     0x080052e4   Section       14  handlers.o(i.__scatterload_copy)
    i.__scatterload_null                     0x080052f2   Section        2  handlers.o(i.__scatterload_null)
    i.__scatterload_zeroinit                 0x080052f4   Section       14  handlers.o(i.__scatterload_zeroinit)
    i.__set_errno                            0x08005304   Section        0  errno.o(i.__set_errno)
    i._fp_digits                             0x08005310   Section        0  printfa.o(i._fp_digits)
    _fp_digits                               0x08005311   Thumb Code   366  printfa.o(i._fp_digits)
    i._printf_core                           0x08005494   Section        0  printfa.o(i._printf_core)
    _printf_core                             0x08005495   Thumb Code  1744  printfa.o(i._printf_core)
    i._printf_post_padding                   0x08005b70   Section        0  printfa.o(i._printf_post_padding)
    _printf_post_padding                     0x08005b71   Thumb Code    36  printfa.o(i._printf_post_padding)
    i._printf_pre_padding                    0x08005b94   Section        0  printfa.o(i._printf_pre_padding)
    _printf_pre_padding                      0x08005b95   Thumb Code    46  printfa.o(i._printf_pre_padding)
    i._sputc                                 0x08005bc2   Section        0  printfa.o(i._sputc)
    _sputc                                   0x08005bc3   Thumb Code    10  printfa.o(i._sputc)
    i.floor                                  0x08005bcc   Section        0  floor.o(i.floor)
    i.free                                   0x08005ca8   Section        0  malloc.o(i.free)
    i.malloc                                 0x08005cf8   Section        0  malloc.o(i.malloc)
    i.pow                                    0x08005d64   Section        0  pow.o(i.pow)
    i.sqrt                                   0x0800673c   Section        0  sqrt.o(i.sqrt)
    .constdata                               0x08006788   Section     1024  main.o(.constdata)
    .constdata                               0x08006b88   Section        7  cjson.o(.constdata)
    firstByteMark                            0x08006b88   Data           7  cjson.o(.constdata)
    .constdata                               0x08006b8f   Section    15946  lcd.o(.constdata)
    .constdata                               0x0800a9e0   Section      136  pow.o(.constdata)
    bp                                       0x0800a9e0   Data          16  pow.o(.constdata)
    dp_h                                     0x0800a9f0   Data          16  pow.o(.constdata)
    dp_l                                     0x0800aa00   Data          16  pow.o(.constdata)
    L                                        0x0800aa10   Data          48  pow.o(.constdata)
    P                                        0x0800aa40   Data          40  pow.o(.constdata)
    .constdata                               0x0800aa68   Section        8  qnan.o(.constdata)
    .conststring                             0x0800aa70   Section       82  ana.o(.conststring)
    .data                                    0x20000000   Section       20  system_stm32f10x.o(.data)
    .data                                    0x20000014   Section       12  cjson.o(.data)
    cJSON_malloc                             0x20000014   Data           4  cjson.o(.data)
    cJSON_free                               0x20000018   Data           4  cjson.o(.data)
    ep                                       0x2000001c   Data           4  cjson.o(.data)
    .data                                    0x20000020   Section        2  ana.o(.data)
    .data                                    0x20000024   Section       20  malloc.o(.data)
    .data                                    0x20000038   Section        4  delay.o(.data)
    fac_us                                   0x20000038   Data           1  delay.o(.data)
    fac_ms                                   0x2000003a   Data           2  delay.o(.data)
    .data                                    0x2000003c   Section        4  usart.o(.data)
    .data                                    0x20000040   Section       20  stm32f10x_rcc.o(.data)
    ADCPrescTable                            0x20000040   Data           4  stm32f10x_rcc.o(.data)
    APBAHBPrescTable                         0x20000044   Data          16  stm32f10x_rcc.o(.data)
    .data                                    0x20000054   Section        4  mvars.o(.data)
    .data                                    0x20000058   Section        4  mvars.o(.data)
    .data                                    0x2000005c   Section        4  errno.o(.data)
    _errno                                   0x2000005c   Data           4  errno.o(.data)
    .bss                                     0x20000060   Section      512  ana.o(.bss)
    .bss                                     0x20000260   Section    10240  malloc.o(.bss)
    .bss                                     0x20002a60   Section     1280  malloc.o(.bss)
    .bss                                     0x20002f60   Section      512  usart.o(.bss)
    HEAP                                     0x20003160   Section     2048  startup_stm32f10x_hd.o(HEAP)
    STACK                                    0x20003960   Section     3072  startup_stm32f10x_hd.o(STACK)

    Global Symbols

    Symbol Name                              Value     Ov Type        Size  Object(Section)

    BuildAttributes$$THM_ISAv4$P$D$K$B$S$PE$A:L22UL41UL21$X:L11$S22US41US21$IEEE1$IW$USESV6$~STKCKD$USESV7$~SHL$OTIME$ROPI$IEEEX$EBA8$MICROLIB$REQ8$PRES8$EABIv2 0x00000000   Number         0  anon$$obj.o ABSOLUTE
    __ARM_use_no_argv                        0x00000000   Number         0  main.o ABSOLUTE
    _printf_a                                0x00000000   Number         0  stubs.o ABSOLUTE
    _printf_c                                0x00000000   Number         0  stubs.o ABSOLUTE
    _printf_charcount                        0x00000000   Number         0  stubs.o ABSOLUTE
    _printf_d                                0x00000000   Number         0  stubs.o ABSOLUTE
    _printf_e                                0x00000000   Number         0  stubs.o ABSOLUTE
    _printf_f                                0x00000000   Number         0  stubs.o ABSOLUTE
    _printf_flags                            0x00000000   Number         0  stubs.o ABSOLUTE
    _printf_fp_dec                           0x00000000   Number         0  stubs.o ABSOLUTE
    _printf_fp_hex                           0x00000000   Number         0  stubs.o ABSOLUTE
    _printf_g                                0x00000000   Number         0  stubs.o ABSOLUTE
    _printf_i                                0x00000000   Number         0  stubs.o ABSOLUTE
    _printf_int_dec                          0x00000000   Number         0  stubs.o ABSOLUTE
    _printf_l                                0x00000000   Number         0  stubs.o ABSOLUTE
    _printf_lc                               0x00000000   Number         0  stubs.o ABSOLUTE
    _printf_ll                               0x00000000   Number         0  stubs.o ABSOLUTE
    _printf_lld                              0x00000000   Number         0  stubs.o ABSOLUTE
    _printf_lli                              0x00000000   Number         0  stubs.o ABSOLUTE
    _printf_llo                              0x00000000   Number         0  stubs.o ABSOLUTE
    _printf_llu                              0x00000000   Number         0  stubs.o ABSOLUTE
    _printf_llx                              0x00000000   Number         0  stubs.o ABSOLUTE
    _printf_longlong_dec                     0x00000000   Number         0  stubs.o ABSOLUTE
    _printf_longlong_hex                     0x00000000   Number         0  stubs.o ABSOLUTE
    _printf_longlong_oct                     0x00000000   Number         0  stubs.o ABSOLUTE
    _printf_ls                               0x00000000   Number         0  stubs.o ABSOLUTE
    _printf_mbtowc                           0x00000000   Number         0  stubs.o ABSOLUTE
    _printf_n                                0x00000000   Number         0  stubs.o ABSOLUTE
    _printf_o                                0x00000000   Number         0  stubs.o ABSOLUTE
    _printf_p                                0x00000000   Number         0  stubs.o ABSOLUTE
    _printf_percent                          0x00000000   Number         0  stubs.o ABSOLUTE
    _printf_pre_padding                      0x00000000   Number         0  stubs.o ABSOLUTE
    _printf_return_value                     0x00000000   Number         0  stubs.o ABSOLUTE
    _printf_s                                0x00000000   Number         0  stubs.o ABSOLUTE
    _printf_sizespec                         0x00000000   Number         0  stubs.o ABSOLUTE
    _printf_str                              0x00000000   Number         0  stubs.o ABSOLUTE
    _printf_truncate_signed                  0x00000000   Number         0  stubs.o ABSOLUTE
    _printf_truncate_unsigned                0x00000000   Number         0  stubs.o ABSOLUTE
    _printf_u                                0x00000000   Number         0  stubs.o ABSOLUTE
    _printf_wc                               0x00000000   Number         0  stubs.o ABSOLUTE
    _printf_wctomb                           0x00000000   Number         0  stubs.o ABSOLUTE
    _printf_widthprec                        0x00000000   Number         0  stubs.o ABSOLUTE
    _printf_x                                0x00000000   Number         0  stubs.o ABSOLUTE
    __cpp_initialize__aeabi_                  - Undefined Weak Reference
    __cxa_finalize                            - Undefined Weak Reference
    __decompress                              - Undefined Weak Reference
    _clock_init                               - Undefined Weak Reference
    _microlib_exit                            - Undefined Weak Reference
    __Vectors_Size                           0x00000130   Number         0  startup_stm32f10x_hd.o ABSOLUTE
    __Vectors                                0x08000000   Data           4  startup_stm32f10x_hd.o(RESET)
    __Vectors_End                            0x08000130   Data           0  startup_stm32f10x_hd.o(RESET)
    __main                                   0x08000131   Thumb Code     0  entry.o(.ARM.Collect$$$$00000000)
    _main_stk                                0x08000131   Thumb Code     0  entry2.o(.ARM.Collect$$$$00000001)
    _main_scatterload                        0x08000135   Thumb Code     0  entry5.o(.ARM.Collect$$$$00000004)
    __main_after_scatterload                 0x08000139   Thumb Code     0  entry5.o(.ARM.Collect$$$$00000004)
    _main_clock                              0x08000139   Thumb Code     0  entry7b.o(.ARM.Collect$$$$00000008)
    _main_cpp_init                           0x08000139   Thumb Code     0  entry8b.o(.ARM.Collect$$$$0000000A)
    _main_init                               0x08000139   Thumb Code     0  entry9a.o(.ARM.Collect$$$$0000000B)
    __rt_final_cpp                           0x08000141   Thumb Code     0  entry10a.o(.ARM.Collect$$$$0000000D)
    __rt_final_exit                          0x08000141   Thumb Code     0  entry11a.o(.ARM.Collect$$$$0000000F)
    main                                     0x08000145   Thumb Code   444  main.o(.text)
    NMI_Handler                              0x08000399   Thumb Code     2  stm32f10x_it.o(.text)
    HardFault_Handler                        0x0800039b   Thumb Code     2  stm32f10x_it.o(.text)
    MemManage_Handler                        0x0800039d   Thumb Code     2  stm32f10x_it.o(.text)
    BusFault_Handler                         0x0800039f   Thumb Code     2  stm32f10x_it.o(.text)
    UsageFault_Handler                       0x080003a1   Thumb Code     2  stm32f10x_it.o(.text)
    SVC_Handler                              0x080003a3   Thumb Code     2  stm32f10x_it.o(.text)
    DebugMon_Handler                         0x080003a5   Thumb Code     2  stm32f10x_it.o(.text)
    PendSV_Handler                           0x080003a7   Thumb Code     2  stm32f10x_it.o(.text)
    SysTick_Handler                          0x080003a9   Thumb Code     2  stm32f10x_it.o(.text)
    SystemInit                               0x0800044d   Thumb Code    64  system_stm32f10x.o(.text)
    SystemCoreClockUpdate                    0x0800048d   Thumb Code    84  system_stm32f10x.o(.text)
    cJSON_GetErrorPtr                        0x08000501   Thumb Code     6  cjson.o(.text)
    my_malloc                                0x08000549   Thumb Code    24  cjson.o(.text)
    my_free                                  0x08000561   Thumb Code    18  cjson.o(.text)
    cJSON_InitHooks                          0x08000573   Thumb Code    36  cjson.o(.text)
    cJSON_Delete                             0x08000597   Thumb Code    66  cjson.o(.text)
    cJSON_ParseWithOpts                      0x08000df9   Thumb Code    90  cjson.o(.text)
    cJSON_Parse                              0x08000e53   Thumb Code     6  cjson.o(.text)
    cJSON_Print                              0x08001443   Thumb Code     8  cjson.o(.text)
    cJSON_PrintUnformatted                   0x0800144b   Thumb Code     8  cjson.o(.text)
    cJSON_PrintBuffered                      0x08001453   Thumb Code    38  cjson.o(.text)
    cJSON_GetArraySize                       0x08001479   Thumb Code    16  cjson.o(.text)
    cJSON_GetArrayItem                       0x08001489   Thumb Code    18  cjson.o(.text)
    cJSON_GetObjectItem                      0x0800149b   Thumb Code    28  cjson.o(.text)
    cJSON_AddItemToArray                     0x080014e3   Thumb Code    28  cjson.o(.text)
    cJSON_AddItemToObject                    0x080014ff   Thumb Code    40  cjson.o(.text)
    cJSON_AddItemToObjectCS                  0x08001527   Thumb Code    48  cjson.o(.text)
    cJSON_AddItemReferenceToArray            0x08001557   Thumb Code    20  cjson.o(.text)
    cJSON_AddItemReferenceToObject           0x0800156b   Thumb Code    24  cjson.o(.text)
    cJSON_DetachItemFromArray                0x08001583   Thumb Code    52  cjson.o(.text)
    cJSON_DeleteItemFromArray                0x080015b7   Thumb Code    14  cjson.o(.text)
    cJSON_DetachItemFromObject               0x080015c5   Thumb Code    56  cjson.o(.text)
    cJSON_DeleteItemFromObject               0x080015fd   Thumb Code    14  cjson.o(.text)
    cJSON_InsertItemInArray                  0x0800160b   Thumb Code    44  cjson.o(.text)
    cJSON_ReplaceItemInArray                 0x08001637   Thumb Code    62  cjson.o(.text)
    cJSON_ReplaceItemInObject                0x08001675   Thumb Code    58  cjson.o(.text)
    cJSON_CreateNull                         0x080016af   Thumb Code    16  cjson.o(.text)
    cJSON_CreateTrue                         0x080016bf   Thumb Code    16  cjson.o(.text)
    cJSON_CreateFalse                        0x080016cf   Thumb Code    16  cjson.o(.text)
    cJSON_CreateBool                         0x080016df   Thumb Code    24  cjson.o(.text)
    cJSON_CreateNumber                       0x080016f7   Thumb Code    36  cjson.o(.text)
    cJSON_CreateString                       0x0800171b   Thumb Code    28  cjson.o(.text)
    cJSON_CreateArray                        0x08001737   Thumb Code    16  cjson.o(.text)
    cJSON_CreateObject                       0x08001747   Thumb Code    16  cjson.o(.text)
    cJSON_CreateIntArray                     0x08001757   Thumb Code    58  cjson.o(.text)
    cJSON_CreateFloatArray                   0x08001791   Thumb Code    56  cjson.o(.text)
    cJSON_CreateDoubleArray                  0x080017c9   Thumb Code    56  cjson.o(.text)
    cJSON_CreateStringArray                  0x08001801   Thumb Code    52  cjson.o(.text)
    cJSON_Duplicate                          0x08001835   Thumb Code   116  cjson.o(.text)
    cJSON_Minify                             0x080018a9   Thumb Code   144  cjson.o(.text)
    parse_now_weather                        0x08001c21   Thumb Code   526  ana.o(.text)
    parse_now_ip                             0x08001e2f   Thumb Code   752  ana.o(.text)
    mymemcpy                                 0x0800214d   Thumb Code    18  malloc.o(.text)
    mymemset                                 0x0800215f   Thumb Code    12  malloc.o(.text)
    mem_init                                 0x0800216b   Thumb Code    34  malloc.o(.text)
    mem_perused                              0x0800218d   Thumb Code     2  malloc.o(.text)
    mem_malloc                               0x0800218f   Thumb Code    90  malloc.o(.text)
    mem_free                                 0x080021e9   Thumb Code    58  malloc.o(.text)
    myfree                                   0x08002223   Thumb Code     2  malloc.o(.text)
    mymalloc                                 0x08002225   Thumb Code     2  malloc.o(.text)
    myrealloc                                0x08002227   Thumb Code     2  malloc.o(.text)
    check_cmd                                0x0800222d   Thumb Code    40  esp8266.o(.text)
    esp8266_SendCmd                          0x08002255   Thumb Code    78  esp8266.o(.text)
    esp8266_Init                             0x080022a3   Thumb Code     8  esp8266.o(.text)
    esp8266_Test                             0x080022ab   Thumb Code     8  esp8266.o(.text)
    esp8266_Rst                              0x080022b3   Thumb Code     8  esp8266.o(.text)
    esp8266_ConWifi                          0x080022bb   Thumb Code    10  esp8266.o(.text)
    esp8266_CIP                              0x080022c5   Thumb Code     8  esp8266.o(.text)
    esp8266_TCP_Start                        0x080022cd   Thumb Code    16  esp8266.o(.text)
    esp8266_TCP_Mode                         0x080022dd   Thumb Code    10  esp8266.o(.text)
    esp8266_TCP_Send                         0x080022e7   Thumb Code    10  esp8266.o(.text)
    esp8266_TCP_API                          0x080022f1   Thumb Code    54  esp8266.o(.text)
    esp8266_exit                             0x08002327   Thumb Code    28  esp8266.o(.text)
    esp8266_TCP_Released                     0x08002343   Thumb Code    10  esp8266.o(.text)
    esp8266_TCP_Start_Ip                     0x0800234d   Thumb Code    16  esp8266.o(.text)
    esp8266_TCP_Ip_API                       0x0800235d   Thumb Code    66  esp8266.o(.text)
    get_ip_location                          0x0800239f   Thumb Code   180  esp8266.o(.text)
    init_wifi                                0x08002453   Thumb Code   126  esp8266.o(.text)
    alreday_init                             0x080024d1   Thumb Code    86  esp8266.o(.text)
    LCD_Fill                                 0x0800269d   Thumb Code    62  lcd.o(.text)
    LCD_DrawPoint                            0x080026db   Thumb Code    22  lcd.o(.text)
    LCD_DrawLine                             0x080026f1   Thumb Code   156  lcd.o(.text)
    LCD_DrawRectangle                        0x0800278d   Thumb Code    68  lcd.o(.text)
    Draw_Circle                              0x080027d1   Thumb Code   188  lcd.o(.text)
    LCD_ShowChinese32x32                     0x0800288d   Thumb Code   234  lcd.o(.text)
    LCD_ShowChinese24x24                     0x08002977   Thumb Code   242  lcd.o(.text)
    LCD_ShowChinese16x16                     0x08002a69   Thumb Code   234  lcd.o(.text)
    LCD_ShowChinese12x12                     0x08002b53   Thumb Code   244  lcd.o(.text)
    LCD_ShowChinese                          0x08002c47   Thumb Code   150  lcd.o(.text)
    LCD_ShowChar                             0x08002cdd   Thumb Code   250  lcd.o(.text)
    LCD_ShowString                           0x08002dd7   Thumb Code    56  lcd.o(.text)
    mypow                                    0x08002e0f   Thumb Code    16  lcd.o(.text)
    LCD_ShowIntNum                           0x08002e1f   Thumb Code   122  lcd.o(.text)
    LCD_ShowFloatNum1                        0x08002e99   Thumb Code   134  lcd.o(.text)
    LCD_ShowPicture                          0x08002f1f   Thumb Code    82  lcd.o(.text)
    LCD_GPIO_Init                            0x08002f85   Thumb Code    48  lcd_init.o(.text)
    LCD_Writ_Bus                             0x08002fb5   Thumb Code    76  lcd_init.o(.text)
    LCD_WR_DATA8                             0x08003001   Thumb Code     2  lcd_init.o(.text)
    LCD_WR_DATA                              0x08003003   Thumb Code    18  lcd_init.o(.text)
    LCD_WR_REG                               0x08003015   Thumb Code    32  lcd_init.o(.text)
    LCD_Address_Set                          0x08003035   Thumb Code    60  lcd_init.o(.text)
    LCD_Init                                 0x08003071   Thumb Code   406  lcd_init.o(.text)
    delay_init                               0x0800320d   Thumb Code    46  delay.o(.text)
    delay_us                                 0x0800323b   Thumb Code    46  delay.o(.text)
    delay_ms                                 0x08003269   Thumb Code    46  delay.o(.text)
    TIM4_Set                                 0x080032a5   Thumb Code    28  usart.o(.text)
    TIM4_Init                                0x080032c1   Thumb Code    82  usart.o(.text)
    uart_init                                0x08003313   Thumb Code   174  usart.o(.text)
    USART1_Send_Byte                         0x080033c1   Thumb Code    26  usart.o(.text)
    USART1_Send_String                       0x080033db   Thumb Code    20  usart.o(.text)
    USART1_IRQHandler                        0x080033ef   Thumb Code    72  usart.o(.text)
    TIM4_IRQHandler                          0x08003437   Thumb Code    44  usart.o(.text)
    uart_init2                               0x08003463   Thumb Code   154  usart.o(.text)
    USART2_IRQHandler                        0x080034fd   Thumb Code    30  usart.o(.text)
    USART2_Send_Byte                         0x0800351b   Thumb Code    26  usart.o(.text)
    USART2_Send_String                       0x08003535   Thumb Code    20  usart.o(.text)
    Reset_Handler                            0x08003561   Thumb Code     8  startup_stm32f10x_hd.o(.text)
    ADC1_2_IRQHandler                        0x0800357b   Thumb Code     0  startup_stm32f10x_hd.o(.text)
    ADC3_IRQHandler                          0x0800357b   Thumb Code     0  startup_stm32f10x_hd.o(.text)
    CAN1_RX1_IRQHandler                      0x0800357b   Thumb Code     0  startup_stm32f10x_hd.o(.text)
    CAN1_SCE_IRQHandler                      0x0800357b   Thumb Code     0  startup_stm32f10x_hd.o(.text)
    DMA1_Channel1_IRQHandler                 0x0800357b   Thumb Code     0  startup_stm32f10x_hd.o(.text)
    DMA1_Channel2_IRQHandler                 0x0800357b   Thumb Code     0  startup_stm32f10x_hd.o(.text)
    DMA1_Channel3_IRQHandler                 0x0800357b   Thumb Code     0  startup_stm32f10x_hd.o(.text)
    DMA1_Channel4_IRQHandler                 0x0800357b   Thumb Code     0  startup_stm32f10x_hd.o(.text)
    DMA1_Channel5_IRQHandler                 0x0800357b   Thumb Code     0  startup_stm32f10x_hd.o(.text)
    DMA1_Channel6_IRQHandler                 0x0800357b   Thumb Code     0  startup_stm32f10x_hd.o(.text)
    DMA1_Channel7_IRQHandler                 0x0800357b   Thumb Code     0  startup_stm32f10x_hd.o(.text)
    DMA2_Channel1_IRQHandler                 0x0800357b   Thumb Code     0  startup_stm32f10x_hd.o(.text)
    DMA2_Channel2_IRQHandler                 0x0800357b   Thumb Code     0  startup_stm32f10x_hd.o(.text)
    DMA2_Channel3_IRQHandler                 0x0800357b   Thumb Code     0  startup_stm32f10x_hd.o(.text)
    DMA2_Channel4_5_IRQHandler               0x0800357b   Thumb Code     0  startup_stm32f10x_hd.o(.text)
    EXTI0_IRQHandler                         0x0800357b   Thumb Code     0  startup_stm32f10x_hd.o(.text)
    EXTI15_10_IRQHandler                     0x0800357b   Thumb Code     0  startup_stm32f10x_hd.o(.text)
    EXTI1_IRQHandler                         0x0800357b   Thumb Code     0  startup_stm32f10x_hd.o(.text)
    EXTI2_IRQHandler                         0x0800357b   Thumb Code     0  startup_stm32f10x_hd.o(.text)
    EXTI3_IRQHandler                         0x0800357b   Thumb Code     0  startup_stm32f10x_hd.o(.text)
    EXTI4_IRQHandler                         0x0800357b   Thumb Code     0  startup_stm32f10x_hd.o(.text)
    EXTI9_5_IRQHandler                       0x0800357b   Thumb Code     0  startup_stm32f10x_hd.o(.text)
    FLASH_IRQHandler                         0x0800357b   Thumb Code     0  startup_stm32f10x_hd.o(.text)
    FSMC_IRQHandler                          0x0800357b   Thumb Code     0  startup_stm32f10x_hd.o(.text)
    I2C1_ER_IRQHandler                       0x0800357b   Thumb Code     0  startup_stm32f10x_hd.o(.text)
    I2C1_EV_IRQHandler                       0x0800357b   Thumb Code     0  startup_stm32f10x_hd.o(.text)
    I2C2_ER_IRQHandler                       0x0800357b   Thumb Code     0  startup_stm32f10x_hd.o(.text)
    I2C2_EV_IRQHandler                       0x0800357b   Thumb Code     0  startup_stm32f10x_hd.o(.text)
    PVD_IRQHandler                           0x0800357b   Thumb Code     0  startup_stm32f10x_hd.o(.text)
    RCC_IRQHandler                           0x0800357b   Thumb Code     0  startup_stm32f10x_hd.o(.text)
    RTCAlarm_IRQHandler                      0x0800357b   Thumb Code     0  startup_stm32f10x_hd.o(.text)
    RTC_IRQHandler                           0x0800357b   Thumb Code     0  startup_stm32f10x_hd.o(.text)
    SDIO_IRQHandler                          0x0800357b   Thumb Code     0  startup_stm32f10x_hd.o(.text)
    SPI1_IRQHandler                          0x0800357b   Thumb Code     0  startup_stm32f10x_hd.o(.text)
    SPI2_IRQHandler                          0x0800357b   Thumb Code     0  startup_stm32f10x_hd.o(.text)
    SPI3_IRQHandler                          0x0800357b   Thumb Code     0  startup_stm32f10x_hd.o(.text)
    TAMPER_IRQHandler                        0x0800357b   Thumb Code     0  startup_stm32f10x_hd.o(.text)
    TIM1_BRK_IRQHandler                      0x0800357b   Thumb Code     0  startup_stm32f10x_hd.o(.text)
    TIM1_CC_IRQHandler                       0x0800357b   Thumb Code     0  startup_stm32f10x_hd.o(.text)
    TIM1_TRG_COM_IRQHandler                  0x0800357b   Thumb Code     0  startup_stm32f10x_hd.o(.text)
    TIM1_UP_IRQHandler                       0x0800357b   Thumb Code     0  startup_stm32f10x_hd.o(.text)
    TIM2_IRQHandler                          0x0800357b   Thumb Code     0  startup_stm32f10x_hd.o(.text)
    TIM3_IRQHandler                          0x0800357b   Thumb Code     0  startup_stm32f10x_hd.o(.text)
    TIM5_IRQHandler                          0x0800357b   Thumb Code     0  startup_stm32f10x_hd.o(.text)
    TIM6_IRQHandler                          0x0800357b   Thumb Code     0  startup_stm32f10x_hd.o(.text)
    TIM7_IRQHandler                          0x0800357b   Thumb Code     0  startup_stm32f10x_hd.o(.text)
    TIM8_BRK_IRQHandler                      0x0800357b   Thumb Code     0  startup_stm32f10x_hd.o(.text)
    TIM8_CC_IRQHandler                       0x0800357b   Thumb Code     0  startup_stm32f10x_hd.o(.text)
    TIM8_TRG_COM_IRQHandler                  0x0800357b   Thumb Code     0  startup_stm32f10x_hd.o(.text)
    TIM8_UP_IRQHandler                       0x0800357b   Thumb Code     0  startup_stm32f10x_hd.o(.text)
    UART4_IRQHandler                         0x0800357b   Thumb Code     0  startup_stm32f10x_hd.o(.text)
    UART5_IRQHandler                         0x0800357b   Thumb Code     0  startup_stm32f10x_hd.o(.text)
    USART3_IRQHandler                        0x0800357b   Thumb Code     0  startup_stm32f10x_hd.o(.text)
    USBWakeUp_IRQHandler                     0x0800357b   Thumb Code     0  startup_stm32f10x_hd.o(.text)
    USB_HP_CAN1_TX_IRQHandler                0x0800357b   Thumb Code     0  startup_stm32f10x_hd.o(.text)
    USB_LP_CAN1_RX0_IRQHandler               0x0800357b   Thumb Code     0  startup_stm32f10x_hd.o(.text)
    WWDG_IRQHandler                          0x0800357b   Thumb Code     0  startup_stm32f10x_hd.o(.text)
    GPIO_DeInit                              0x08003585   Thumb Code   152  stm32f10x_gpio.o(.text)
    GPIO_AFIODeInit                          0x0800361d   Thumb Code    22  stm32f10x_gpio.o(.text)
    GPIO_Init                                0x08003633   Thumb Code   164  stm32f10x_gpio.o(.text)
    GPIO_StructInit                          0x080036d7   Thumb Code    16  stm32f10x_gpio.o(.text)
    GPIO_ReadInputDataBit                    0x080036e7   Thumb Code    14  stm32f10x_gpio.o(.text)
    GPIO_ReadInputData                       0x080036f5   Thumb Code     6  stm32f10x_gpio.o(.text)
    GPIO_ReadOutputDataBit                   0x080036fb   Thumb Code    14  stm32f10x_gpio.o(.text)
    GPIO_ReadOutputData                      0x08003709   Thumb Code     6  stm32f10x_gpio.o(.text)
    GPIO_SetBits                             0x0800370f   Thumb Code     4  stm32f10x_gpio.o(.text)
    GPIO_ResetBits                           0x08003713   Thumb Code     4  stm32f10x_gpio.o(.text)
    GPIO_WriteBit                            0x08003717   Thumb Code    10  stm32f10x_gpio.o(.text)
    GPIO_Write                               0x08003721   Thumb Code     4  stm32f10x_gpio.o(.text)
    GPIO_PinLockConfig                       0x08003725   Thumb Code    16  stm32f10x_gpio.o(.text)
    GPIO_EventOutputConfig                   0x08003735   Thumb Code    22  stm32f10x_gpio.o(.text)
    GPIO_EventOutputCmd                      0x0800374b   Thumb Code     6  stm32f10x_gpio.o(.text)
    GPIO_PinRemapConfig                      0x08003751   Thumb Code    82  stm32f10x_gpio.o(.text)
    GPIO_EXTILineConfig                      0x080037a3   Thumb Code    34  stm32f10x_gpio.o(.text)
    GPIO_ETH_MediaInterfaceConfig            0x080037c5   Thumb Code     8  stm32f10x_gpio.o(.text)
    RCC_DeInit                               0x080037f1   Thumb Code    50  stm32f10x_rcc.o(.text)
    RCC_HSEConfig                            0x08003823   Thumb Code    48  stm32f10x_rcc.o(.text)
    RCC_GetFlagStatus                        0x08003853   Thumb Code    42  stm32f10x_rcc.o(.text)
    RCC_WaitForHSEStartUp                    0x0800387d   Thumb Code    44  stm32f10x_rcc.o(.text)
    RCC_AdjustHSICalibrationValue            0x080038a9   Thumb Code    16  stm32f10x_rcc.o(.text)
    RCC_HSICmd                               0x080038b9   Thumb Code     6  stm32f10x_rcc.o(.text)
    RCC_PLLConfig                            0x080038bf   Thumb Code    16  stm32f10x_rcc.o(.text)
    RCC_PLLCmd                               0x080038cf   Thumb Code     6  stm32f10x_rcc.o(.text)
    RCC_SYSCLKConfig                         0x080038d5   Thumb Code    14  stm32f10x_rcc.o(.text)
    RCC_GetSYSCLKSource                      0x080038e3   Thumb Code    10  stm32f10x_rcc.o(.text)
    RCC_HCLKConfig                           0x080038ed   Thumb Code    14  stm32f10x_rcc.o(.text)
    RCC_PCLK1Config                          0x080038fb   Thumb Code    14  stm32f10x_rcc.o(.text)
    RCC_PCLK2Config                          0x08003909   Thumb Code    16  stm32f10x_rcc.o(.text)
    RCC_ITConfig                             0x08003919   Thumb Code    18  stm32f10x_rcc.o(.text)
    RCC_USBCLKConfig                         0x0800392b   Thumb Code     8  stm32f10x_rcc.o(.text)
    RCC_ADCCLKConfig                         0x08003933   Thumb Code    14  stm32f10x_rcc.o(.text)
    RCC_LSEConfig                            0x08003941   Thumb Code    28  stm32f10x_rcc.o(.text)
    RCC_LSICmd                               0x0800395d   Thumb Code     6  stm32f10x_rcc.o(.text)
    RCC_RTCCLKConfig                         0x08003963   Thumb Code    10  stm32f10x_rcc.o(.text)
    RCC_RTCCLKCmd                            0x0800396d   Thumb Code     8  stm32f10x_rcc.o(.text)
    RCC_GetClocksFreq                        0x08003975   Thumb Code   128  stm32f10x_rcc.o(.text)
    RCC_AHBPeriphClockCmd                    0x080039f5   Thumb Code    18  stm32f10x_rcc.o(.text)
    RCC_APB2PeriphClockCmd                   0x08003a07   Thumb Code    18  stm32f10x_rcc.o(.text)
    RCC_APB1PeriphClockCmd                   0x08003a19   Thumb Code    18  stm32f10x_rcc.o(.text)
    RCC_APB2PeriphResetCmd                   0x08003a2b   Thumb Code    18  stm32f10x_rcc.o(.text)
    RCC_APB1PeriphResetCmd                   0x08003a3d   Thumb Code    18  stm32f10x_rcc.o(.text)
    RCC_BackupResetCmd                       0x08003a4f   Thumb Code     8  stm32f10x_rcc.o(.text)
    RCC_ClockSecuritySystemCmd               0x08003a57   Thumb Code     6  stm32f10x_rcc.o(.text)
    RCC_MCOConfig                            0x08003a5d   Thumb Code     6  stm32f10x_rcc.o(.text)
    RCC_ClearFlag                            0x08003a63   Thumb Code    12  stm32f10x_rcc.o(.text)
    RCC_GetITStatus                          0x08003a6f   Thumb Code    16  stm32f10x_rcc.o(.text)
    RCC_ClearITPendingBit                    0x08003a7f   Thumb Code     6  stm32f10x_rcc.o(.text)
    USART_DeInit                             0x08003aa5   Thumb Code    96  stm32f10x_usart.o(.text)
    USART_Init                               0x08003b05   Thumb Code   166  stm32f10x_usart.o(.text)
    USART_StructInit                         0x08003bab   Thumb Code    22  stm32f10x_usart.o(.text)
    USART_ClockInit                          0x08003bc1   Thumb Code    30  stm32f10x_usart.o(.text)
    USART_ClockStructInit                    0x08003bdf   Thumb Code    12  stm32f10x_usart.o(.text)
    USART_Cmd                                0x08003beb   Thumb Code    20  stm32f10x_usart.o(.text)
    USART_ITConfig                           0x08003bff   Thumb Code    48  stm32f10x_usart.o(.text)
    USART_DMACmd                             0x08003c2f   Thumb Code    16  stm32f10x_usart.o(.text)
    USART_SetAddress                         0x08003c3f   Thumb Code    16  stm32f10x_usart.o(.text)
    USART_WakeUpConfig                       0x08003c4f   Thumb Code    16  stm32f10x_usart.o(.text)
    USART_ReceiverWakeUpCmd                  0x08003c5f   Thumb Code    20  stm32f10x_usart.o(.text)
    USART_LINBreakDetectLengthConfig         0x08003c73   Thumb Code    16  stm32f10x_usart.o(.text)
    USART_LINCmd                             0x08003c83   Thumb Code    20  stm32f10x_usart.o(.text)
    USART_SendData                           0x08003c97   Thumb Code     8  stm32f10x_usart.o(.text)
    USART_ReceiveData                        0x08003c9f   Thumb Code     8  stm32f10x_usart.o(.text)
    USART_SendBreak                          0x08003ca7   Thumb Code    10  stm32f10x_usart.o(.text)
    USART_SetGuardTime                       0x08003cb1   Thumb Code    16  stm32f10x_usart.o(.text)
    USART_SetPrescaler                       0x08003cc1   Thumb Code    16  stm32f10x_usart.o(.text)
    USART_SmartCardCmd                       0x08003cd1   Thumb Code    20  stm32f10x_usart.o(.text)
    USART_SmartCardNACKCmd                   0x08003ce5   Thumb Code    20  stm32f10x_usart.o(.text)
    USART_HalfDuplexCmd                      0x08003cf9   Thumb Code    20  stm32f10x_usart.o(.text)
    USART_OverSampling8Cmd                   0x08003d0d   Thumb Code    20  stm32f10x_usart.o(.text)
    USART_OneBitMethodCmd                    0x08003d21   Thumb Code    20  stm32f10x_usart.o(.text)
    USART_IrDAConfig                         0x08003d35   Thumb Code    16  stm32f10x_usart.o(.text)
    USART_IrDACmd                            0x08003d45   Thumb Code    20  stm32f10x_usart.o(.text)
    USART_GetFlagStatus                      0x08003d59   Thumb Code    14  stm32f10x_usart.o(.text)
    USART_ClearFlag                          0x08003d67   Thumb Code     6  stm32f10x_usart.o(.text)
    USART_GetITStatus                        0x08003d6d   Thumb Code    62  stm32f10x_usart.o(.text)
    USART_ClearITPendingBit                  0x08003dab   Thumb Code    12  stm32f10x_usart.o(.text)
    NVIC_PriorityGroupConfig                 0x08003dcd   Thumb Code    10  misc.o(.text)
    NVIC_Init                                0x08003dd7   Thumb Code    94  misc.o(.text)
    NVIC_SetVectorTable                      0x08003e35   Thumb Code    14  misc.o(.text)
    NVIC_SystemLPConfig                      0x08003e43   Thumb Code    20  misc.o(.text)
    SysTick_CLKSourceConfig                  0x08003e57   Thumb Code    24  misc.o(.text)
    TIM_DeInit                               0x08003e7d   Thumb Code   304  stm32f10x_tim.o(.text)
    TIM_TimeBaseInit                         0x08003fad   Thumb Code   114  stm32f10x_tim.o(.text)
    TIM_OC1Init                              0x0800401f   Thumb Code   106  stm32f10x_tim.o(.text)
    TIM_OC2Init                              0x08004089   Thumb Code   120  stm32f10x_tim.o(.text)
    TIM_OC3Init                              0x08004101   Thumb Code   116  stm32f10x_tim.o(.text)
    TIM_OC4Init                              0x08004175   Thumb Code    90  stm32f10x_tim.o(.text)
    TIM_SetIC4Prescaler                      0x080041cf   Thumb Code    24  stm32f10x_tim.o(.text)
    TIM_SetIC3Prescaler                      0x080041e7   Thumb Code    16  stm32f10x_tim.o(.text)
    TIM_SetIC2Prescaler                      0x080041f7   Thumb Code    24  stm32f10x_tim.o(.text)
    TIM_SetIC1Prescaler                      0x080042b5   Thumb Code    16  stm32f10x_tim.o(.text)
    TIM_ICInit                               0x0800431d   Thumb Code   272  stm32f10x_tim.o(.text)
    TIM_PWMIConfig                           0x0800442d   Thumb Code   104  stm32f10x_tim.o(.text)
    TIM_BDTRConfig                           0x08004495   Thumb Code    34  stm32f10x_tim.o(.text)
    TIM_TimeBaseStructInit                   0x080044b7   Thumb Code    18  stm32f10x_tim.o(.text)
    TIM_OCStructInit                         0x080044c9   Thumb Code    20  stm32f10x_tim.o(.text)
    TIM_ICStructInit                         0x080044dd   Thumb Code    16  stm32f10x_tim.o(.text)
    TIM_BDTRStructInit                       0x080044ed   Thumb Code    18  stm32f10x_tim.o(.text)
    TIM_Cmd                                  0x080044ff   Thumb Code    20  stm32f10x_tim.o(.text)
    TIM_CtrlPWMOutputs                       0x08004513   Thumb Code    22  stm32f10x_tim.o(.text)
    TIM_ITConfig                             0x08004529   Thumb Code    16  stm32f10x_tim.o(.text)
    TIM_GenerateEvent                        0x08004539   Thumb Code     4  stm32f10x_tim.o(.text)
    TIM_DMAConfig                            0x0800453d   Thumb Code     8  stm32f10x_tim.o(.text)
    TIM_DMACmd                               0x08004545   Thumb Code    16  stm32f10x_tim.o(.text)
    TIM_InternalClockConfig                  0x08004555   Thumb Code    10  stm32f10x_tim.o(.text)
    TIM_SelectInputTrigger                   0x0800455f   Thumb Code    12  stm32f10x_tim.o(.text)
    TIM_ITRxExternalClockConfig              0x0800456b   Thumb Code    18  stm32f10x_tim.o(.text)
    TIM_TIxExternalClockConfig               0x0800457d   Thumb Code    46  stm32f10x_tim.o(.text)
    TIM_ETRConfig                            0x080045ab   Thumb Code    24  stm32f10x_tim.o(.text)
    TIM_ETRClockMode1Config                  0x080045c3   Thumb Code    18  stm32f10x_tim.o(.text)
    TIM_ETRClockMode2Config                  0x080045d5   Thumb Code    18  stm32f10x_tim.o(.text)
    TIM_PrescalerConfig                      0x080045e7   Thumb Code     6  stm32f10x_tim.o(.text)
    TIM_CounterModeConfig                    0x080045ed   Thumb Code    12  stm32f10x_tim.o(.text)
    TIM_EncoderInterfaceConfig               0x080045f9   Thumb Code    50  stm32f10x_tim.o(.text)
    TIM_ForcedOC1Config                      0x0800462b   Thumb Code    12  stm32f10x_tim.o(.text)
    TIM_ForcedOC2Config                      0x08004637   Thumb Code    20  stm32f10x_tim.o(.text)
    TIM_ForcedOC3Config                      0x0800464b   Thumb Code    12  stm32f10x_tim.o(.text)
    TIM_ForcedOC4Config                      0x08004657   Thumb Code    20  stm32f10x_tim.o(.text)
    TIM_ARRPreloadConfig                     0x0800466b   Thumb Code    20  stm32f10x_tim.o(.text)
    TIM_SelectCOM                            0x0800467f   Thumb Code    20  stm32f10x_tim.o(.text)
    TIM_SelectCCDMA                          0x08004693   Thumb Code    20  stm32f10x_tim.o(.text)
    TIM_CCPreloadControl                     0x080046a7   Thumb Code    20  stm32f10x_tim.o(.text)
    TIM_OC1PreloadConfig                     0x080046bb   Thumb Code    34  stm32f10x_tim.o(.text)
    TIM_OC2PreloadConfig                     0x080046dd   Thumb Code    20  stm32f10x_tim.o(.text)
    TIM_OC3PreloadConfig                     0x080046f1   Thumb Code    12  stm32f10x_tim.o(.text)
    TIM_OC4PreloadConfig                     0x080046fd   Thumb Code    20  stm32f10x_tim.o(.text)
    TIM_OC1FastConfig                        0x08004711   Thumb Code    12  stm32f10x_tim.o(.text)
    TIM_OC2FastConfig                        0x0800471d   Thumb Code    20  stm32f10x_tim.o(.text)
    TIM_OC3FastConfig                        0x08004731   Thumb Code    12  stm32f10x_tim.o(.text)
    TIM_OC4FastConfig                        0x0800473d   Thumb Code    20  stm32f10x_tim.o(.text)
    TIM_ClearOC1Ref                          0x08004751   Thumb Code    12  stm32f10x_tim.o(.text)
    TIM_ClearOC2Ref                          0x0800475d   Thumb Code    20  stm32f10x_tim.o(.text)
    TIM_ClearOC3Ref                          0x08004771   Thumb Code    12  stm32f10x_tim.o(.text)
    TIM_ClearOC4Ref                          0x0800477d   Thumb Code    20  stm32f10x_tim.o(.text)
    TIM_OC1PolarityConfig                    0x08004791   Thumb Code    12  stm32f10x_tim.o(.text)
    TIM_OC1NPolarityConfig                   0x0800479d   Thumb Code    12  stm32f10x_tim.o(.text)
    TIM_OC2PolarityConfig                    0x080047a9   Thumb Code    20  stm32f10x_tim.o(.text)
    TIM_OC2NPolarityConfig                   0x080047bd   Thumb Code    20  stm32f10x_tim.o(.text)
    TIM_OC3PolarityConfig                    0x080047d1   Thumb Code    20  stm32f10x_tim.o(.text)
    TIM_OC3NPolarityConfig                   0x080047e5   Thumb Code    20  stm32f10x_tim.o(.text)
    TIM_OC4PolarityConfig                    0x080047f9   Thumb Code    20  stm32f10x_tim.o(.text)
    TIM_CCxCmd                               0x0800480d   Thumb Code    22  stm32f10x_tim.o(.text)
    TIM_CCxNCmd                              0x08004823   Thumb Code    22  stm32f10x_tim.o(.text)
    TIM_SelectOCxM                           0x08004839   Thumb Code    70  stm32f10x_tim.o(.text)
    TIM_UpdateDisableConfig                  0x0800487f   Thumb Code    20  stm32f10x_tim.o(.text)
    TIM_UpdateRequestConfig                  0x08004893   Thumb Code    20  stm32f10x_tim.o(.text)
    TIM_SelectHallSensor                     0x080048a7   Thumb Code    20  stm32f10x_tim.o(.text)
    TIM_SelectOnePulseMode                   0x080048bb   Thumb Code    16  stm32f10x_tim.o(.text)
    TIM_SelectOutputTrigger                  0x080048cb   Thumb Code    16  stm32f10x_tim.o(.text)
    TIM_SelectSlaveMode                      0x080048db   Thumb Code    16  stm32f10x_tim.o(.text)
    TIM_SelectMasterSlaveMode                0x080048eb   Thumb Code    16  stm32f10x_tim.o(.text)
    TIM_SetCounter                           0x080048fb   Thumb Code     4  stm32f10x_tim.o(.text)
    TIM_SetAutoreload                        0x080048ff   Thumb Code     4  stm32f10x_tim.o(.text)
    TIM_SetCompare1                          0x08004903   Thumb Code     4  stm32f10x_tim.o(.text)
    TIM_SetCompare2                          0x08004907   Thumb Code     4  stm32f10x_tim.o(.text)
    TIM_SetCompare3                          0x0800490b   Thumb Code     4  stm32f10x_tim.o(.text)
    TIM_SetCompare4                          0x0800490f   Thumb Code     6  stm32f10x_tim.o(.text)
    TIM_SetClockDivision                     0x08004915   Thumb Code    16  stm32f10x_tim.o(.text)
    TIM_GetCapture1                          0x08004925   Thumb Code     4  stm32f10x_tim.o(.text)
    TIM_GetCapture2                          0x08004929   Thumb Code     4  stm32f10x_tim.o(.text)
    TIM_GetCapture3                          0x0800492d   Thumb Code     4  stm32f10x_tim.o(.text)
    TIM_GetCapture4                          0x08004931   Thumb Code     6  stm32f10x_tim.o(.text)
    TIM_GetCounter                           0x08004937   Thumb Code     4  stm32f10x_tim.o(.text)
    TIM_GetPrescaler                         0x0800493b   Thumb Code     4  stm32f10x_tim.o(.text)
    TIM_GetFlagStatus                        0x0800493f   Thumb Code    14  stm32f10x_tim.o(.text)
    TIM_ClearFlag                            0x0800494d   Thumb Code     6  stm32f10x_tim.o(.text)
    TIM_GetITStatus                          0x08004953   Thumb Code    24  stm32f10x_tim.o(.text)
    TIM_ClearITPendingBit                    0x0800496b   Thumb Code     6  stm32f10x_tim.o(.text)
    tolower                                  0x08004971   Thumb Code    12  tolower.o(.text)
    __aeabi_memcpy                           0x0800497d   Thumb Code    36  memcpya.o(.text)
    __aeabi_memcpy4                          0x0800497d   Thumb Code     0  memcpya.o(.text)
    __aeabi_memcpy8                          0x0800497d   Thumb Code     0  memcpya.o(.text)
    __aeabi_memset                           0x080049a1   Thumb Code    14  memseta.o(.text)
    __aeabi_memset4                          0x080049a1   Thumb Code     0  memseta.o(.text)
    __aeabi_memset8                          0x080049a1   Thumb Code     0  memseta.o(.text)
    __aeabi_memclr                           0x080049af   Thumb Code     4  memseta.o(.text)
    __aeabi_memclr4                          0x080049af   Thumb Code     0  memseta.o(.text)
    __aeabi_memclr8                          0x080049af   Thumb Code     0  memseta.o(.text)
    _memset$wrapper                          0x080049b3   Thumb Code    18  memseta.o(.text)
    strcat                                   0x080049c5   Thumb Code    24  strcat.o(.text)
    strstr                                   0x080049dd   Thumb Code    36  strstr.o(.text)
    strchr                                   0x08004a01   Thumb Code    20  strchr.o(.text)
    strlen                                   0x08004a15   Thumb Code    14  strlen.o(.text)
    strcpy                                   0x08004a23   Thumb Code    18  strcpy.o(.text)
    strncmp                                  0x08004a35   Thumb Code    30  strncmp.o(.text)
    __aeabi_fmul                             0x08004a53   Thumb Code   100  fmul.o(.text)
    __aeabi_dadd                             0x08004ab7   Thumb Code   322  dadd.o(.text)
    __aeabi_dsub                             0x08004bf9   Thumb Code     6  dadd.o(.text)
    __aeabi_drsub                            0x08004bff   Thumb Code     6  dadd.o(.text)
    __aeabi_dmul                             0x08004c05   Thumb Code   228  dmul.o(.text)
    __aeabi_i2d                              0x08004ce9   Thumb Code    34  dflti.o(.text)
    __aeabi_f2uiz                            0x08004d0b   Thumb Code    40  ffixui.o(.text)
    __aeabi_d2iz                             0x08004d33   Thumb Code    62  dfixi.o(.text)
    __aeabi_f2d                              0x08004d71   Thumb Code    38  f2d.o(.text)
    __aeabi_cdcmpeq                          0x08004d99   Thumb Code     0  cdcmple.o(.text)
    __aeabi_cdcmple                          0x08004d99   Thumb Code    48  cdcmple.o(.text)
    __aeabi_cdrcmple                         0x08004dc9   Thumb Code    48  cdrcmple.o(.text)
    __aeabi_uidiv                            0x08004df9   Thumb Code     0  uidiv.o(.text)
    __aeabi_uidivmod                         0x08004df9   Thumb Code    44  uidiv.o(.text)
    __aeabi_uldivmod                         0x08004e25   Thumb Code    98  uldiv.o(.text)
    __aeabi_llsl                             0x08004e87   Thumb Code    30  llshl.o(.text)
    _ll_shift_l                              0x08004e87   Thumb Code     0  llshl.o(.text)
    __aeabi_llsr                             0x08004ea5   Thumb Code    32  llushr.o(.text)
    _ll_ushift_r                             0x08004ea5   Thumb Code     0  llushr.o(.text)
    __aeabi_lasr                             0x08004ec5   Thumb Code    36  llsshr.o(.text)
    _ll_sshift_r                             0x08004ec5   Thumb Code     0  llsshr.o(.text)
    __I$use$fp                               0x08004ee9   Thumb Code     0  iusefp.o(.text)
    _double_round                            0x08004ee9   Thumb Code    30  depilogue.o(.text)
    _double_epilogue                         0x08004f07   Thumb Code   156  depilogue.o(.text)
    __aeabi_ddiv                             0x08004fa3   Thumb Code   222  ddiv.o(.text)
    __ARM_scalbn                             0x08005081   Thumb Code    46  dscalb.o(.text)
    scalbn                                   0x08005081   Thumb Code     0  dscalb.o(.text)
    __aeabi_d2ulz                            0x080050af   Thumb Code    48  dfixul.o(.text)
    __scatterload                            0x080050e1   Thumb Code    28  init.o(.text)
    __scatterload_rt2                        0x080050e1   Thumb Code     0  init.o(.text)
    _dsqrt                                   0x08005105   Thumb Code   162  dsqrt.o(.text)
    __0sprintf                               0x080051a9   Thumb Code    34  printfa.o(i.__0sprintf)
    __1sprintf                               0x080051a9   Thumb Code     0  printfa.o(i.__0sprintf)
    __2sprintf                               0x080051a9   Thumb Code     0  printfa.o(i.__0sprintf)
    __c89sprintf                             0x080051a9   Thumb Code     0  printfa.o(i.__0sprintf)
    sprintf                                  0x080051a9   Thumb Code     0  printfa.o(i.__0sprintf)
    __ARM_fpclassify                         0x080051d1   Thumb Code    40  fpclassify.o(i.__ARM_fpclassify)
    __kernel_poly                            0x080051f9   Thumb Code   170  poly.o(i.__kernel_poly)
    __mathlib_dbl_divzero                    0x080052a5   Thumb Code    12  dunder.o(i.__mathlib_dbl_divzero)
    __mathlib_dbl_infnan2                    0x080052b5   Thumb Code     4  dunder.o(i.__mathlib_dbl_infnan2)
    __mathlib_dbl_invalid                    0x080052b9   Thumb Code    12  dunder.o(i.__mathlib_dbl_invalid)
    __mathlib_dbl_overflow                   0x080052c5   Thumb Code    14  dunder.o(i.__mathlib_dbl_overflow)
    __mathlib_dbl_underflow                  0x080052d5   Thumb Code    10  dunder.o(i.__mathlib_dbl_underflow)
    __scatterload_copy                       0x080052e5   Thumb Code    14  handlers.o(i.__scatterload_copy)
    __scatterload_null                       0x080052f3   Thumb Code     2  handlers.o(i.__scatterload_null)
    __scatterload_zeroinit                   0x080052f5   Thumb Code    14  handlers.o(i.__scatterload_zeroinit)
    __set_errno                              0x08005305   Thumb Code     6  errno.o(i.__set_errno)
    floor                                    0x08005bcd   Thumb Code   204  floor.o(i.floor)
    free                                     0x08005ca9   Thumb Code    76  malloc.o(i.free)
    malloc                                   0x08005cf9   Thumb Code    92  malloc.o(i.malloc)
    pow                                      0x08005d65   Thumb Code  2512  pow.o(i.pow)
    sqrt                                     0x0800673d   Thumb Code    76  sqrt.o(i.sqrt)
    gImage_dui                               0x08006788   Data         512  main.o(.constdata)
    gImage_cuo                               0x08006988   Data         512  main.o(.constdata)
    ascii_1206                               0x08006b8f   Data        1140  lcd.o(.constdata)
    ascii_1608                               0x08007003   Data        1520  lcd.o(.constdata)
    ascii_2412                               0x080075f3   Data        4560  lcd.o(.constdata)
    ascii_3216                               0x080087c3   Data        6080  lcd.o(.constdata)
    tfont12                                  0x08009f83   Data         130  lcd.o(.constdata)
    tfont16                                  0x0800a005   Data        1496  lcd.o(.constdata)
    tfont24                                  0x0800a5dd   Data         370  lcd.o(.constdata)
    tfont32                                  0x0800a74f   Data         650  lcd.o(.constdata)
    __mathlib_zero                           0x0800aa68   Data           8  qnan.o(.constdata)
    Region$$Table$$Base                      0x0800aac4   Number         0  anon$$obj.o(Region$$Table)
    Region$$Table$$Limit                     0x0800aae4   Number         0  anon$$obj.o(Region$$Table)
    SystemCoreClock                          0x20000000   Data           4  system_stm32f10x.o(.data)
    AHBPrescTable                            0x20000004   Data          16  system_stm32f10x.o(.data)
    weather                                  0x20000020   Data           1  ana.o(.data)
    sys_sta                                  0x20000021   Data           1  ana.o(.data)
    mallco_dev                               0x20000024   Data          20  malloc.o(.data)
    USART_RX_STA                             0x2000003c   Data           2  usart.o(.data)
    USART2_RX_STA                            0x2000003e   Data           2  usart.o(.data)
    __microlib_freelist                      0x20000054   Data           4  mvars.o(.data)
    __microlib_freelist_initialised          0x20000058   Data           4  mvars.o(.data)
    get_api                                  0x20000060   Data         512  ana.o(.bss)
    membase                                  0x20000260   Data       10240  malloc.o(.bss)
    memmapbase                               0x20002a60   Data        1280  malloc.o(.bss)
    USART_RX_BUF                             0x20002f60   Data         512  usart.o(.bss)
    __heap_base                              0x20003160   Data           0  startup_stm32f10x_hd.o(HEAP)
    __heap_limit                             0x20003960   Data           0  startup_stm32f10x_hd.o(HEAP)
    __initial_sp                             0x20004560   Data           0  startup_stm32f10x_hd.o(STACK)



==============================================================================

Memory Map of the image

  Image Entry point : 0x08000131

  Load Region LR_IROM1 (Base: 0x08000000, Size: 0x0000ab44, Max: 0x00040000, ABSOLUTE)

    Execution Region ER_IROM1 (Base: 0x08000000, Size: 0x0000aae4, Max: 0x00040000, ABSOLUTE)

    Base Addr    Size         Type   Attr      Idx    E Section Name        Object

    0x08000000   0x00000130   Data   RO          450    RESET               startup_stm32f10x_hd.o
    0x08000130   0x00000000   Code   RO          762  * .ARM.Collect$$$$00000000  mc_w.l(entry.o)
    0x08000130   0x00000004   Code   RO         1119    .ARM.Collect$$$$00000001  mc_w.l(entry2.o)
    0x08000134   0x00000004   Code   RO         1122    .ARM.Collect$$$$00000004  mc_w.l(entry5.o)
    0x08000138   0x00000000   Code   RO         1124    .ARM.Collect$$$$00000008  mc_w.l(entry7b.o)
    0x08000138   0x00000000   Code   RO         1126    .ARM.Collect$$$$0000000A  mc_w.l(entry8b.o)
    0x08000138   0x00000008   Code   RO         1127    .ARM.Collect$$$$0000000B  mc_w.l(entry9a.o)
    0x08000140   0x00000000   Code   RO         1129    .ARM.Collect$$$$0000000D  mc_w.l(entry10a.o)
    0x08000140   0x00000000   Code   RO         1131    .ARM.Collect$$$$0000000F  mc_w.l(entry11a.o)
    0x08000140   0x00000004   Code   RO         1120    .ARM.Collect$$$$00002712  mc_w.l(entry2.o)
    0x08000144   0x00000254   Code   RO            1    .text               main.o
    0x08000398   0x00000012   Code   RO          150    .text               stm32f10x_it.o
    0x080003aa   0x00000002   PAD
    0x080003ac   0x00000154   Code   RO          191    .text               system_stm32f10x.o
    0x08000500   0x00001520   Code   RO          212    .text               cjson.o
    0x08001a20   0x0000072c   Code   RO          258    .text               ana.o
    0x0800214c   0x000000e0   Code   RO          292    .text               malloc.o
    0x0800222c   0x00000470   Code   RO          329    .text               esp8266.o
    0x0800269c   0x000008e8   Code   RO          353    .text               lcd.o
    0x08002f84   0x00000288   Code   RO          372    .text               lcd_init.o
    0x0800320c   0x00000098   Code   RO          385    .text               delay.o
    0x080032a4   0x000002bc   Code   RO          416    .text               usart.o
    0x08003560   0x00000024   Code   RO          451    .text               startup_stm32f10x_hd.o
    0x08003584   0x0000026c   Code   RO          455    .text               stm32f10x_gpio.o
    0x080037f0   0x000002b4   Code   RO          467    .text               stm32f10x_rcc.o
    0x08003aa4   0x00000328   Code   RO          481    .text               stm32f10x_usart.o
    0x08003dcc   0x000000b0   Code   RO          493    .text               misc.o
    0x08003e7c   0x00000af4   Code   RO          711    .text               stm32f10x_tim.o
    0x08004970   0x0000000c   Code   RO          765    .text               mc_w.l(tolower.o)
    0x0800497c   0x00000024   Code   RO          767    .text               mc_w.l(memcpya.o)
    0x080049a0   0x00000024   Code   RO          769    .text               mc_w.l(memseta.o)
    0x080049c4   0x00000018   Code   RO          771    .text               mc_w.l(strcat.o)
    0x080049dc   0x00000024   Code   RO          773    .text               mc_w.l(strstr.o)
    0x08004a00   0x00000014   Code   RO          775    .text               mc_w.l(strchr.o)
    0x08004a14   0x0000000e   Code   RO          777    .text               mc_w.l(strlen.o)
    0x08004a22   0x00000012   Code   RO          779    .text               mc_w.l(strcpy.o)
    0x08004a34   0x0000001e   Code   RO          781    .text               mc_w.l(strncmp.o)
    0x08004a52   0x00000064   Code   RO         1074    .text               mf_w.l(fmul.o)
    0x08004ab6   0x0000014e   Code   RO         1076    .text               mf_w.l(dadd.o)
    0x08004c04   0x000000e4   Code   RO         1078    .text               mf_w.l(dmul.o)
    0x08004ce8   0x00000022   Code   RO         1080    .text               mf_w.l(dflti.o)
    0x08004d0a   0x00000028   Code   RO         1082    .text               mf_w.l(ffixui.o)
    0x08004d32   0x0000003e   Code   RO         1084    .text               mf_w.l(dfixi.o)
    0x08004d70   0x00000026   Code   RO         1086    .text               mf_w.l(f2d.o)
    0x08004d96   0x00000002   PAD
    0x08004d98   0x00000030   Code   RO         1088    .text               mf_w.l(cdcmple.o)
    0x08004dc8   0x00000030   Code   RO         1090    .text               mf_w.l(cdrcmple.o)
    0x08004df8   0x0000002c   Code   RO         1136    .text               mc_w.l(uidiv.o)
    0x08004e24   0x00000062   Code   RO         1138    .text               mc_w.l(uldiv.o)
    0x08004e86   0x0000001e   Code   RO         1140    .text               mc_w.l(llshl.o)
    0x08004ea4   0x00000020   Code   RO         1142    .text               mc_w.l(llushr.o)
    0x08004ec4   0x00000024   Code   RO         1144    .text               mc_w.l(llsshr.o)
    0x08004ee8   0x00000000   Code   RO         1155    .text               mc_w.l(iusefp.o)
    0x08004ee8   0x000000ba   Code   RO         1156    .text               mf_w.l(depilogue.o)
    0x08004fa2   0x000000de   Code   RO         1158    .text               mf_w.l(ddiv.o)
    0x08005080   0x0000002e   Code   RO         1160    .text               mf_w.l(dscalb.o)
    0x080050ae   0x00000030   Code   RO         1162    .text               mf_w.l(dfixul.o)
    0x080050de   0x00000002   PAD
    0x080050e0   0x00000024   Code   RO         1164    .text               mc_w.l(init.o)
    0x08005104   0x000000a2   Code   RO         1168    .text               mf_w.l(dsqrt.o)
    0x080051a6   0x00000002   PAD
    0x080051a8   0x00000028   Code   RO         1020    i.__0sprintf        mc_w.l(printfa.o)
    0x080051d0   0x00000028   Code   RO         1106    i.__ARM_fpclassify  m_ws.l(fpclassify.o)
    0x080051f8   0x000000aa   Code   RO         1108    i.__kernel_poly     m_ws.l(poly.o)
    0x080052a2   0x00000002   PAD
    0x080052a4   0x00000010   Code   RO         1092    i.__mathlib_dbl_divzero  m_ws.l(dunder.o)
    0x080052b4   0x00000004   Code   RO         1094    i.__mathlib_dbl_infnan2  m_ws.l(dunder.o)
    0x080052b8   0x0000000c   Code   RO         1095    i.__mathlib_dbl_invalid  m_ws.l(dunder.o)
    0x080052c4   0x0000000e   Code   RO         1096    i.__mathlib_dbl_overflow  m_ws.l(dunder.o)
    0x080052d2   0x00000002   PAD
    0x080052d4   0x00000010   Code   RO         1098    i.__mathlib_dbl_underflow  m_ws.l(dunder.o)
    0x080052e4   0x0000000e   Code   RO         1172    i.__scatterload_copy  mc_w.l(handlers.o)
    0x080052f2   0x00000002   Code   RO         1173    i.__scatterload_null  mc_w.l(handlers.o)
    0x080052f4   0x0000000e   Code   RO         1174    i.__scatterload_zeroinit  mc_w.l(handlers.o)
    0x08005302   0x00000002   PAD
    0x08005304   0x0000000c   Code   RO         1150    i.__set_errno       mc_w.l(errno.o)
    0x08005310   0x00000184   Code   RO         1025    i._fp_digits        mc_w.l(printfa.o)
    0x08005494   0x000006dc   Code   RO         1026    i._printf_core      mc_w.l(printfa.o)
    0x08005b70   0x00000024   Code   RO         1027    i._printf_post_padding  mc_w.l(printfa.o)
    0x08005b94   0x0000002e   Code   RO         1028    i._printf_pre_padding  mc_w.l(printfa.o)
    0x08005bc2   0x0000000a   Code   RO         1030    i._sputc            mc_w.l(printfa.o)
    0x08005bcc   0x000000dc   Code   RO          749    i.floor             m_ws.l(floor.o)
    0x08005ca8   0x00000050   Code   RO         1046    i.free              mc_w.l(malloc.o)
    0x08005cf8   0x0000006c   Code   RO         1047    i.malloc            mc_w.l(malloc.o)
    0x08005d64   0x000009d8   Code   RO          753    i.pow               m_ws.l(pow.o)
    0x0800673c   0x0000004c   Code   RO         1112    i.sqrt              m_ws.l(sqrt.o)
    0x08006788   0x00000400   Data   RO            2    .constdata          main.o
    0x08006b88   0x00000007   Data   RO          213    .constdata          cjson.o
    0x08006b8f   0x00003e4a   Data   RO          354    .constdata          lcd.o
    0x0800a9d9   0x00000007   PAD
    0x0800a9e0   0x00000088   Data   RO          754    .constdata          m_ws.l(pow.o)
    0x0800aa68   0x00000008   Data   RO         1110    .constdata          m_ws.l(qnan.o)
    0x0800aa70   0x00000052   Data   RO          260    .conststring        ana.o
    0x0800aac2   0x00000002   PAD
    0x0800aac4   0x00000020   Data   RO         1170    Region$$Table       anon$$obj.o


    Execution Region RW_IRAM1 (Base: 0x20000000, Size: 0x00004560, Max: 0x0000c000, ABSOLUTE)

    Base Addr    Size         Type   Attr      Idx    E Section Name        Object

    0x20000000   0x00000014   Data   RW          192    .data               system_stm32f10x.o
    0x20000014   0x0000000c   Data   RW          214    .data               cjson.o
    0x20000020   0x00000002   Data   RW          262    .data               ana.o
    0x20000022   0x00000002   PAD
    0x20000024   0x00000014   Data   RW          298    .data               malloc.o
    0x20000038   0x00000004   Data   RW          386    .data               delay.o
    0x2000003c   0x00000004   Data   RW          419    .data               usart.o
    0x20000040   0x00000014   Data   RW          468    .data               stm32f10x_rcc.o
    0x20000054   0x00000004   Data   RW         1146    .data               mc_w.l(mvars.o)
    0x20000058   0x00000004   Data   RW         1147    .data               mc_w.l(mvars.o)
    0x2000005c   0x00000004   Data   RW         1151    .data               mc_w.l(errno.o)
    0x20000060   0x00000200   Zero   RW          259    .bss                ana.o
    0x20000260   0x00002800   Zero   RW          293    .bss                malloc.o
    0x20002a60   0x00000500   Zero   RW          294    .bss                malloc.o
    0x20002f60   0x00000200   Zero   RW          417    .bss                usart.o
    0x20003160   0x00000800   Zero   RW          449    HEAP                startup_stm32f10x_hd.o
    0x20003960   0x00000c00   Zero   RW          448    STACK               startup_stm32f10x_hd.o


==============================================================================

Image component sizes


      Code (inc. data)   RO Data    RW Data    ZI Data      Debug   Object Name

      1836        598         82          2        512       4963   ana.o
      5408        178          7         12          0      25148   cjson.o
       152         14          0          4          0       1071   delay.o
      1136        374          0          0          0       4289   esp8266.o
      2280         32      15946          0          0      11775   lcd.o
       648          6          0          0          0       3852   lcd_init.o
       596        152       1024          0          0     253851   main.o
       224          4          0         20      11520       3663   malloc.o
       176         14          0          0          0       1837   misc.o
        36          8        304          0       5120        776   startup_stm32f10x_hd.o
       620         36          0          0          0       5805   stm32f10x_gpio.o
        18          0          0          0          0     204214   stm32f10x_it.o
       692         32          0         20          0       8952   stm32f10x_rcc.o
      2804         86          0          0          0      22926   stm32f10x_tim.o
       808         22          0          0          0       8724   stm32f10x_usart.o
         0          0          0          0          0         32   sys.o
       340         32          0         20          0       1731   system_stm32f10x.o
       700         24          0          4        512       3675   usart.o

    ----------------------------------------------------------------------
     18476       1612      17404         84      17664     567284   Object Totals
         0          0         32          0          0          0   (incl. Generated)
         2          0          9          2          0          0   (incl. Padding)

    ----------------------------------------------------------------------

      Code (inc. data)   RO Data    RW Data    ZI Data      Debug   Library Member Name

        62         10          0          0          0        340   dunder.o
       220         16          0          0          0         84   floor.o
        40          0          0          0          0         68   fpclassify.o
       170          0          0          0          0         96   poly.o
      2520        190        136          0          0        324   pow.o
         0          0          8          0          0          0   qnan.o
        76          0          0          0          0         84   sqrt.o
         0          0          0          0          0          0   entry.o
         0          0          0          0          0          0   entry10a.o
         0          0          0          0          0          0   entry11a.o
         8          4          0          0          0          0   entry2.o
         4          0          0          0          0          0   entry5.o
         0          0          0          0          0          0   entry7b.o
         0          0          0          0          0          0   entry8b.o
         8          4          0          0          0          0   entry9a.o
        12          6          0          4          0         68   errno.o
        30          0          0          0          0          0   handlers.o
        36          8          0          0          0         68   init.o
         0          0          0          0          0          0   iusefp.o
        30          0          0          0          0         68   llshl.o
        36          0          0          0          0         68   llsshr.o
        32          0          0          0          0         68   llushr.o
       188         20          0          0          0        160   malloc.o
        36          0          0          0          0         68   memcpya.o
        36          0          0          0          0        108   memseta.o
         0          0          0          8          0          0   mvars.o
      2276         86          0          0          0        520   printfa.o
        24          0          0          0          0         68   strcat.o
        20          0          0          0          0         68   strchr.o
        18          0          0          0          0         68   strcpy.o
        14          0          0          0          0         68   strlen.o
        30          0          0          0          0         80   strncmp.o
        36          0          0          0          0         80   strstr.o
        12          0          0          0          0         68   tolower.o
        44          0          0          0          0         80   uidiv.o
        98          0          0          0          0         92   uldiv.o
        48          0          0          0          0         68   cdcmple.o
        48          0          0          0          0         68   cdrcmple.o
       334          0          0          0          0        148   dadd.o
       222          0          0          0          0        100   ddiv.o
       186          0          0          0          0        176   depilogue.o
        62          0          0          0          0         80   dfixi.o
        48          0          0          0          0         68   dfixul.o
        34          0          0          0          0         76   dflti.o
       228          0          0          0          0         96   dmul.o
        46          0          0          0          0         80   dscalb.o
       162          0          0          0          0        100   dsqrt.o
        38          0          0          0          0         68   f2d.o
        40          0          0          0          0         68   ffixui.o
       100          0          0          0          0         76   fmul.o

    ----------------------------------------------------------------------
      7724        344        144         12          0       4136   Library Totals
        12          0          0          0          0          0   (incl. Padding)

    ----------------------------------------------------------------------

      Code (inc. data)   RO Data    RW Data    ZI Data      Debug   Library Name

      3088        216        144          0          0        996   m_ws.l
      3028        128          0         12          0       1868   mc_w.l
      1596          0          0          0          0       1272   mf_w.l

    ----------------------------------------------------------------------
      7724        344        144         12          0       4136   Library Totals

    ----------------------------------------------------------------------

==============================================================================


      Code (inc. data)   RO Data    RW Data    ZI Data      Debug   

     26200       1956      17548         96      17664     567100   Grand Totals
     26200       1956      17548         96      17664     567100   ELF Image Totals
     26200       1956      17548         96          0          0   ROM Totals

==============================================================================

    Total RO  Size (Code + RO Data)                43748 (  42.72kB)
    Total RW  Size (RW Data + ZI Data)             17760 (  17.34kB)
    Total ROM Size (Code + RO Data + RW Data)      43844 (  42.82kB)

==============================================================================

